
Discarded input sections

 .group         0x0000000000000000        0xc Output/tcar_qemu Debug/Obj/inittask.o
 .group         0x0000000000000000        0xc Output/tcar_qemu Debug/Obj/inittask.o
 .group         0x0000000000000000        0xc Output/tcar_qemu Debug/Obj/inittask.o
 .group         0x0000000000000000        0xc Output/tcar_qemu Debug/Obj/inittask.o
 .group         0x0000000000000000        0xc Output/tcar_qemu Debug/Obj/inittask.o
 .group         0x0000000000000000        0xc Output/tcar_qemu Debug/Obj/inittask.o
 .group         0x0000000000000000        0xc Output/tcar_qemu Debug/Obj/inittask.o
 .group         0x0000000000000000        0xc Output/tcar_qemu Debug/Obj/inittask.o
 .group         0x0000000000000000        0xc Output/tcar_qemu Debug/Obj/inittask.o
 .group         0x0000000000000000        0xc Output/tcar_qemu Debug/Obj/inittask.o
 .group         0x0000000000000000        0xc Output/tcar_qemu Debug/Obj/inittask.o
 .group         0x0000000000000000        0xc Output/tcar_qemu Debug/Obj/inittask.o
 .group         0x0000000000000000        0xc Output/tcar_qemu Debug/Obj/inittask.o
 .group         0x0000000000000000        0xc Output/tcar_qemu Debug/Obj/inittask.o
 .group         0x0000000000000000        0xc Output/tcar_qemu Debug/Obj/inittask.o
 .group         0x0000000000000000        0xc Output/tcar_qemu Debug/Obj/inittask.o
 .group         0x0000000000000000        0xc Output/tcar_qemu Debug/Obj/inittask.o
 .group         0x0000000000000000        0xc Output/tcar_qemu Debug/Obj/inittask.o
 .group         0x0000000000000000        0xc Output/tcar_qemu Debug/Obj/inittask.o
 .group         0x0000000000000000        0xc Output/tcar_qemu Debug/Obj/inittask.o
 .group         0x0000000000000000        0xc Output/tcar_qemu Debug/Obj/inittask.o
 .group         0x0000000000000000        0xc Output/tcar_qemu Debug/Obj/inittask.o
 .group         0x0000000000000000        0xc Output/tcar_qemu Debug/Obj/inittask.o
 .group         0x0000000000000000        0xc Output/tcar_qemu Debug/Obj/inittask.o
 .group         0x0000000000000000        0xc Output/tcar_qemu Debug/Obj/inittask.o
 .group         0x0000000000000000        0xc Output/tcar_qemu Debug/Obj/inittask.o
 .group         0x0000000000000000        0xc Output/tcar_qemu Debug/Obj/inittask.o
 .group         0x0000000000000000        0xc Output/tcar_qemu Debug/Obj/inittask.o
 .group         0x0000000000000000        0xc Output/tcar_qemu Debug/Obj/inittask.o
 .group         0x0000000000000000        0xc Output/tcar_qemu Debug/Obj/inittask.o
 .group         0x0000000000000000        0xc Output/tcar_qemu Debug/Obj/inittask.o
 .group         0x0000000000000000        0xc Output/tcar_qemu Debug/Obj/inittask.o
 .group         0x0000000000000000        0xc Output/tcar_qemu Debug/Obj/inittask.o
 .group         0x0000000000000000        0xc Output/tcar_qemu Debug/Obj/inittask.o
 .group         0x0000000000000000        0xc Output/tcar_qemu Debug/Obj/inittask.o
 .group         0x0000000000000000        0xc Output/tcar_qemu Debug/Obj/inittask.o
 .group         0x0000000000000000        0xc Output/tcar_qemu Debug/Obj/inittask.o
 .group         0x0000000000000000        0xc Output/tcar_qemu Debug/Obj/inittask.o
 .group         0x0000000000000000        0xc Output/tcar_qemu Debug/Obj/inittask.o
 .group         0x0000000000000000        0xc Output/tcar_qemu Debug/Obj/inittask.o
 .group         0x0000000000000000        0xc Output/tcar_qemu Debug/Obj/inittask.o
 .group         0x0000000000000000        0xc Output/tcar_qemu Debug/Obj/inittask.o
 .group         0x0000000000000000        0xc Output/tcar_qemu Debug/Obj/inittask.o
 .group         0x0000000000000000        0xc Output/tcar_qemu Debug/Obj/inittask.o
 .group         0x0000000000000000        0xc Output/tcar_qemu Debug/Obj/inittask.o
 .group         0x0000000000000000        0xc Output/tcar_qemu Debug/Obj/inittask.o
 .group         0x0000000000000000        0xc Output/tcar_qemu Debug/Obj/inittask.o
 .group         0x0000000000000000        0xc Output/tcar_qemu Debug/Obj/inittask.o
 .group         0x0000000000000000        0xc Output/tcar_qemu Debug/Obj/inittask.o
 .group         0x0000000000000000        0xc Output/tcar_qemu Debug/Obj/inittask.o
 .group         0x0000000000000000        0xc Output/tcar_qemu Debug/Obj/inittask.o
 .text          0x0000000000000000        0x0 Output/tcar_qemu Debug/Obj/inittask.o
 .data          0x0000000000000000        0x0 Output/tcar_qemu Debug/Obj/inittask.o
 .bss           0x0000000000000000        0x0 Output/tcar_qemu Debug/Obj/inittask.o
 .group         0x0000000000000000        0xc Output/tcar_qemu Debug/Obj/sysinit.o
 .group         0x0000000000000000        0xc Output/tcar_qemu Debug/Obj/sysinit.o
 .group         0x0000000000000000        0xc Output/tcar_qemu Debug/Obj/sysinit.o
 .group         0x0000000000000000        0xc Output/tcar_qemu Debug/Obj/sysinit.o
 .group         0x0000000000000000        0xc Output/tcar_qemu Debug/Obj/sysinit.o
[...]
Memory Configuration

Name             Origin             Length             Attributes
*default*        0x0000000000000000 0xffffffffffffffff

Linker script and memory map


.text           0x0000000000000000     0x4700
                0x0000000000000000                __vector_org = .
 *(.vector)
 .vector        0x0000000000000000      0x240 Output/tcar_qemu Debug/Obj/vector_tbl.o
                0x0000000000000000                vector_tbl
                0x0000000000000240                __start = .
 *(.text)
 .text          0x0000000000000240       0x90 Output/tcar_qemu Debug/Obj/dispatch.o
                0x0000000000000240                knl_dispatch_entry
 *(.text.*)
 .text.start_system
                0x00000000000002d0       0x24 Output/tcar_qemu Debug/Obj/inittask.o
 .text.shutdown_system
                0x00000000000002f4       0x34 Output/tcar_qemu Debug/Obj/inittask.o
 .text.init_task_main
                0x0000000000000328       0x48 Output/tcar_qemu Debug/Obj/inittask.o
 .text.main     0x0000000000000370       0xcc Output/tcar_qemu Debug/Obj/sysinit.o
                0x0000000000000370                main
 .text.knl_tkernel_exit
                0x000000000000043c        0xc Output/tcar_qemu Debug/Obj/sysinit.o
                0x000000000000043c                knl_tkernel_exit
 .text.QueInit  0x0000000000000448       0x16 Output/tcar_qemu Debug/Obj/deviceio.o
 .text.isQueEmpty
                0x000000000000045e       0x1a Output/tcar_qemu Debug/Obj/deviceio.o
 .text.QueInsert
                0x0000000000000478       0x28 Output/tcar_qemu Debug/Obj/deviceio.o
 .text.QueRemove
                0x00000000000004a0       0x28 Output/tcar_qemu Debug/Obj/deviceio.o
 .text.knl_delOpnCB
                0x00000000000004c8       0x3c Output/tcar_qemu Debug/Obj/deviceio.o
                0x00000000000004c8                knl_delOpnCB
 .text.knl_delReqCB
                0x0000000000000504       0x2c Output/tcar_qemu Debug/Obj/deviceio.o
                0x0000000000000504                knl_delReqCB
 .text.knl_chkopen
                0x0000000000000530       0x34 Output/tcar_qemu Debug/Obj/deviceio.o
                0x0000000000000530                knl_chkopen
 .text.abort_allrequest
                0x0000000000000564      0x1e8 Output/tcar_qemu Debug/Obj/deviceio.o
 .text.knl_close_device
                0x000000000000074c      0x10c Output/tcar_qemu Debug/Obj/deviceio.o
                0x000000000000074c                knl_close_device
 .text.knl_devmgr_startup
                0x0000000000000858       0x2c Output/tcar_qemu Debug/Obj/deviceio.o
                0x0000000000000858                knl_devmgr_startup
 .text.knl_devmgr_cleanup
                0x0000000000000884       0x7c Output/tcar_qemu Debug/Obj/deviceio.o
                0x0000000000000884                knl_devmgr_cleanup
 .text.knl_initDevIO
                0x0000000000000900       0x94 Output/tcar_qemu Debug/Obj/deviceio.o
                0x0000000000000900                knl_initDevIO
 .text.knl_finishDevIO
                0x0000000000000994        0x6 Output/tcar_qemu Debug/Obj/deviceio.o
                0x0000000000000994                knl_finishDevIO
 .text.QueInit  0x000000000000099a       0x16 Output/tcar_qemu Debug/Obj/eventflag.o
 .text.isQueEmpty
                0x00000000000009b0       0x1a Output/tcar_qemu Debug/Obj/eventflag.o
 .text.QueInsert
                0x00000000000009ca       0x28 Output/tcar_qemu Debug/Obj/eventflag.o
 .text.QueRemoveNext
                0x00000000000009f2       0x30 Output/tcar_qemu Debug/Obj/eventflag.o
 *fill*         0x0000000000000a22        0x2 00000000
 .text.knl_isTaskIndependent
                0x0000000000000a24       0x18 Output/tcar_qemu Debug/Obj/eventflag.o
 .text.knl_eventflag_cond
                0x0000000000000a3c       0x40 Output/tcar_qemu Debug/Obj/eventflag.o
 .text.knl_eventflag_initialize
                0x0000000000000a7c       0x48 Output/tcar_qemu Debug/Obj/eventflag.o
                0x0000000000000a7c                knl_eventflag_initialize
 .text.tk_cre_flg
                0x0000000000000ac4       0xd0 Output/tcar_qemu Debug/Obj/eventflag.o
                0x0000000000000ac4                tk_cre_flg
 .text.tk_del_flg
                0x0000000000000b94       0x98 Output/tcar_qemu Debug/Obj/eventflag.o
                0x0000000000000b94                tk_del_flg
 .text.tk_set_flg
                0x0000000000000c2c      0x108 Output/tcar_qemu Debug/Obj/eventflag.o
                0x0000000000000c2c                tk_set_flg
 .text.flg_chg_pri
                0x0000000000000d34       0x2c Output/tcar_qemu Debug/Obj/eventflag.o
 .text.tk_wai_flg
                0x0000000000000d60      0x184 Output/tcar_qemu Debug/Obj/eventflag.o
                0x0000000000000d60                tk_wai_flg
 .text.tk_def_int
                0x0000000000000ee4       0x90 Output/tcar_qemu Debug/Obj/int.o
                0x0000000000000ee4                tk_def_int
 .text.QueInit  0x0000000000000f74       0x16 Output/tcar_qemu Debug/Obj/mailbox.o
 .text.QueInsert
                0x0000000000000f8a       0x28 Output/tcar_qemu Debug/Obj/mailbox.o
 *fill*         0x0000000000000fb2        0x2 00000000
 .text.knl_mailbox_initialize
                0x0000000000000fb4       0x48 Output/tcar_qemu Debug/Obj/mailbox.o
                0x0000000000000fb4                knl_mailbox_initialize
 .text.QueInit  0x0000000000000ffc       0x16 Output/tcar_qemu Debug/Obj/memory.o
 .text.QueInsert
                0x0000000000001012       0x28 Output/tcar_qemu Debug/Obj/memory.o
 .text.QueRemove
                0x000000000000103a       0x28 Output/tcar_qemu Debug/Obj/memory.o
 .text.knl_searchFreeArea
                0x0000000000001062       0x94 Output/tcar_qemu Debug/Obj/memory.o
                0x0000000000001062                knl_searchFreeArea
 .text.knl_appendFreeArea
                0x00000000000010f6       0xac Output/tcar_qemu Debug/Obj/memory.o
                0x00000000000010f6                knl_appendFreeArea
 .text.knl_removeFreeQue
                0x00000000000011a2       0x72 Output/tcar_qemu Debug/Obj/memory.o
                0x00000000000011a2                knl_removeFreeQue
 .text.knl_insertAreaQue
                0x0000000000001214       0x34 Output/tcar_qemu Debug/Obj/memory.o
                0x0000000000001214                knl_insertAreaQue
 .text.knl_removeAreaQue
                0x0000000000001248       0x34 Output/tcar_qemu Debug/Obj/memory.o
                0x0000000000001248                knl_removeAreaQue
 .text.knl_Imalloc
                0x000000000000127c       0xa8 Output/tcar_qemu Debug/Obj/memory.o
                0x000000000000127c                knl_Imalloc
 .text.knl_Ifree
                0x0000000000001324       0x8c Output/tcar_qemu Debug/Obj/memory.o
                0x0000000000001324                knl_Ifree
 .text.initIMACB
                0x00000000000013b0       0x24 Output/tcar_qemu Debug/Obj/memory.o
 .text.knl_init_Imalloc
                0x00000000000013d4       0xcc Output/tcar_qemu Debug/Obj/memory.o
                0x00000000000013d4                knl_init_Imalloc
 .text.QueInit  0x00000000000014a0       0x16 Output/tcar_qemu Debug/Obj/mempfix.o
 .text.QueInsert
                0x00000000000014b6       0x28 Output/tcar_qemu Debug/Obj/mempfix.o
 .text.knl_InitOBJLOCK
                0x00000000000014de       0x10 Output/tcar_qemu Debug/Obj/mempfix.o
 *fill*         0x00000000000014ee        0x2 00000000
 .text.knl_fix_memorypool_initialize
                0x00000000000014f0       0x54 Output/tcar_qemu Debug/Obj/mempfix.o
                0x00000000000014f0                knl_fix_memorypool_initialize
 .text.QueInit  0x0000000000001544       0x16 Output/tcar_qemu Debug/Obj/mempool.o
 .text.QueInsert
                0x000000000000155a       0x28 Output/tcar_qemu Debug/Obj/mempool.o
 *fill*         0x0000000000001582        0x2 00000000
 .text.knl_memorypool_initialize
                0x0000000000001584       0x48 Output/tcar_qemu Debug/Obj/mempool.o
                0x0000000000001584                knl_memorypool_initialize
 .text.QueInit  0x00000000000015cc       0x16 Output/tcar_qemu Debug/Obj/messagebuf.o
 .text.QueInsert
                0x00000000000015e2       0x28 Output/tcar_qemu Debug/Obj/messagebuf.o
 *fill*         0x000000000000160a        0x2 00000000
 .text.knl_messagebuffer_initialize
                0x000000000000160c       0x48 Output/tcar_qemu Debug/Obj/messagebuf.o
                0x000000000000160c                knl_messagebuffer_initialize
 .text.QueInit  0x0000000000001654       0x16 Output/tcar_qemu Debug/Obj/mutex.o
 .text.QueInsert
                0x000000000000166a       0x28 Output/tcar_qemu Debug/Obj/mutex.o
 *fill*         0x0000000000001692        0x2 00000000
 .text.knl_mutex_initialize
                0x0000000000001694       0x48 Output/tcar_qemu Debug/Obj/mutex.o
                0x0000000000001694                knl_mutex_initialize
 .text.QueInit  0x00000000000016dc       0x16 Output/tcar_qemu Debug/Obj/rendezvous.o
 .text.QueInsert
                0x00000000000016f2       0x28 Output/tcar_qemu Debug/Obj/rendezvous.o
 *fill*         0x000000000000171a        0x2 00000000
 .text.knl_rendezvous_initialize
                0x000000000000171c       0x48 Output/tcar_qemu Debug/Obj/rendezvous.o
                0x000000000000171c                knl_rendezvous_initialize
 .text.QueInit  0x0000000000001764       0x16 Output/tcar_qemu Debug/Obj/semaphore.o
 .text.QueInsert
                0x000000000000177a       0x28 Output/tcar_qemu Debug/Obj/semaphore.o
 *fill*         0x00000000000017a2        0x2 00000000
 .text.knl_isTaskIndependent
                0x00000000000017a4       0x18 Output/tcar_qemu Debug/Obj/semaphore.o
 .text.knl_semaphore_initialize
                0x00000000000017bc       0x48 Output/tcar_qemu Debug/Obj/semaphore.o
                0x00000000000017bc                knl_semaphore_initialize
 .text.tk_del_sem
                0x0000000000001804       0xa0 Output/tcar_qemu Debug/Obj/semaphore.o
                0x0000000000001804                tk_del_sem
 .text.sem_chg_pri
                0x00000000000018a4       0x84 Output/tcar_qemu Debug/Obj/semaphore.o
 .text.sem_rel_wai
                0x0000000000001928       0x18 Output/tcar_qemu Debug/Obj/semaphore.o
 .text.tk_wai_sem
                0x0000000000001940      0x150 Output/tcar_qemu Debug/Obj/semaphore.o
                0x0000000000001940                tk_wai_sem
 .text.QueInit  0x0000000000001a90       0x16 Output/tcar_qemu Debug/Obj/task.o
 .text.isQueEmpty
                0x0000000000001aa6       0x1a Output/tcar_qemu Debug/Obj/task.o
 .text.QueInsert
                0x0000000000001ac0       0x28 Output/tcar_qemu Debug/Obj/task.o
 .text.QueRemove
                0x0000000000001ae8       0x28 Output/tcar_qemu Debug/Obj/task.o
 .text.knl_ready_queue_calc_top_priority
                0x0000000000001b10       0x2e Output/tcar_qemu Debug/Obj/task.o
 .text.knl_ready_queue_initialize
                0x0000000000001b3e       0x56 Output/tcar_qemu Debug/Obj/task.o
 .text.knl_ready_queue_top
                0x0000000000001b94       0x28 Output/tcar_qemu Debug/Obj/task.o
 .text.knl_ready_queue_insert
                0x0000000000001bbc       0x6e Output/tcar_qemu Debug/Obj/task.o
 .text.knl_ready_queue_delete
                0x0000000000001c2a       0xa6 Output/tcar_qemu Debug/Obj/task.o
 .text.knl_setup_context
                0x0000000000001cd0       0x48 Output/tcar_qemu Debug/Obj/task.o
 .text.knl_task_initialize
                0x0000000000001d18       0x88 Output/tcar_qemu Debug/Obj/task.o
                0x0000000000001d18                knl_task_initialize
 .text.knl_make_dormant
                0x0000000000001da0       0x80 Output/tcar_qemu Debug/Obj/task.o
                0x0000000000001da0                knl_make_dormant
 .text.knl_make_ready
                0x0000000000001e20       0x34 Output/tcar_qemu Debug/Obj/task.o
                0x0000000000001e20                knl_make_ready
 .text.knl_make_non_ready
                0x0000000000001e54       0x34 Output/tcar_qemu Debug/Obj/task.o
                0x0000000000001e54                knl_make_non_ready
 .text.QueRemoveNext
                0x0000000000001e88       0x30 Output/tcar_qemu Debug/Obj/task_manage.o
 .text.knl_isTaskIndependent
                0x0000000000001eb8       0x18 Output/tcar_qemu Debug/Obj/task_manage.o
 .text.knl_setup_stacd
                0x0000000000001ed0       0x22 Output/tcar_qemu Debug/Obj/task_manage.o
 *fill*         0x0000000000001ef2        0x2 00000000
 .text.tk_cre_tsk
                0x0000000000001ef4      0x164 Output/tcar_qemu Debug/Obj/task_manage.o
                0x0000000000001ef4                tk_cre_tsk
 .text.tk_sta_tsk
                0x0000000000002058       0xe8 Output/tcar_qemu Debug/Obj/task_manage.o
                0x0000000000002058                tk_sta_tsk
 .text.tk_get_tid
                0x0000000000002140       0x1c Output/tcar_qemu Debug/Obj/task_manage.o
                0x0000000000002140                tk_get_tid
 .text.QueInit  0x000000000000215c       0x16 Output/tcar_qemu Debug/Obj/task_sync.o
 *fill*         0x0000000000002172        0x2 00000000
 .text.knl_isTaskIndependent
                0x0000000000002174       0x18 Output/tcar_qemu Debug/Obj/task_sync.o
 .text.knl_task_alive
                0x000000000000218c       0x20 Output/tcar_qemu Debug/Obj/task_sync.o
 .text.tk_slp_tsk
                0x00000000000021ac       0xd4 Output/tcar_qemu Debug/Obj/task_sync.o
                0x00000000000021ac                tk_slp_tsk
 .text.tk_wup_tsk
                0x0000000000002280      0x120 Output/tcar_qemu Debug/Obj/task_sync.o
                0x0000000000002280                tk_wup_tsk
 .text.tk_dly_tsk
                0x00000000000023a0       0xb4 Output/tcar_qemu Debug/Obj/task_sync.o
                0x00000000000023a0                tk_dly_tsk
 .text.QueInit  0x0000000000002454       0x16 Output/tcar_qemu Debug/Obj/time_calls.o
 .text.QueInsert
                0x000000000000246a       0x28 Output/tcar_qemu Debug/Obj/time_calls.o
 .text.QueRemove
                0x0000000000002492       0x28 Output/tcar_qemu Debug/Obj/time_calls.o
 .text.QueRemoveNext
                0x00000000000024ba       0x30 Output/tcar_qemu Debug/Obj/time_calls.o
 .text.knl_abstim_reached
                0x00000000000024ea       0x18 Output/tcar_qemu Debug/Obj/time_calls.o
 .text.knl_timer_delete
                0x0000000000002502       0x16 Output/tcar_qemu Debug/Obj/time_calls.o
 .text.knl_EnterTaskIndependent
                0x0000000000002518       0x14 Output/tcar_qemu Debug/Obj/time_calls.o
 .text.knl_LeaveTaskIndependent
                0x000000000000252c       0x14 Output/tcar_qemu Debug/Obj/time_calls.o
 .text.knl_cyc_next_time
                0x0000000000002540       0x5c Output/tcar_qemu Debug/Obj/time_calls.o
 .text.knl_cyc_timer_insert
                0x000000000000259c       0x24 Output/tcar_qemu Debug/Obj/time_calls.o
 .text.knl_cyclichandler_initialize
                0x00000000000025c0       0x48 Output/tcar_qemu Debug/Obj/time_calls.o
                0x00000000000025c0                knl_cyclichandler_initialize
 .text.knl_call_cychdr
                0x0000000000002608       0x34 Output/tcar_qemu Debug/Obj/time_calls.o
                0x0000000000002608                knl_call_cychdr
 .text.knl_immediate_call_cychdr
                0x000000000000263c       0x32 Output/tcar_qemu Debug/Obj/time_calls.o
 *fill*         0x000000000000266e        0x2 00000000
 .text.tk_cre_cyc
                0x0000000000002670      0x150 Output/tcar_qemu Debug/Obj/time_calls.o
                0x0000000000002670                tk_cre_cyc
 .text.tk_sta_cyc
                0x00000000000027c0      0x104 Output/tcar_qemu Debug/Obj/time_calls.o
                0x00000000000027c0                tk_sta_cyc
 .text.tk_stp_cyc
                0x00000000000028c4       0xa4 Output/tcar_qemu Debug/Obj/time_calls.o
                0x00000000000028c4                tk_stp_cyc
 .text.knl_alarmhandler_initialize
                0x0000000000002968       0x48 Output/tcar_qemu Debug/Obj/time_calls.o
                0x0000000000002968                knl_alarmhandler_initialize
 .text.out_w    0x00000000000029b0       0x12 Output/tcar_qemu Debug/Obj/timer.o
 .text.in_w     0x00000000000029c2        0xe Output/tcar_qemu Debug/Obj/timer.o
 .text.QueInit  0x00000000000029d0       0x16 Output/tcar_qemu Debug/Obj/timer.o
 .text.isQueEmpty
                0x00000000000029e6       0x1a Output/tcar_qemu Debug/Obj/timer.o
 .text.QueInsert
                0x0000000000002a00       0x28 Output/tcar_qemu Debug/Obj/timer.o
 .text.QueRemove
                0x0000000000002a28       0x28 Output/tcar_qemu Debug/Obj/timer.o
 .text.knl_abstim_reached
                0x0000000000002a50       0x18 Output/tcar_qemu Debug/Obj/timer.o
 .text.knl_init_hw_timer
                0x0000000000002a68       0x40 Output/tcar_qemu Debug/Obj/timer.o
 .text.knl_start_hw_timer
                0x0000000000002aa8        0xa Output/tcar_qemu Debug/Obj/timer.o
 *fill*         0x0000000000002ab2        0x2 00000000
 .text.knl_clear_hw_timer_interrupt
                0x0000000000002ab4       0x20 Output/tcar_qemu Debug/Obj/timer.o
 .text.knl_end_of_hw_timer_interrupt
                0x0000000000002ad4        0x4 Output/tcar_qemu Debug/Obj/timer.o
 .text.knl_terminate_hw_timer
                0x0000000000002ad8       0x14 Output/tcar_qemu Debug/Obj/timer.o
 .text.knl_timer_startup
                0x0000000000002aec       0x38 Output/tcar_qemu Debug/Obj/timer.o
                0x0000000000002aec                knl_timer_startup
 .text.knl_timer_shutdown
                0x0000000000002b24        0xa Output/tcar_qemu Debug/Obj/timer.o
                0x0000000000002b24                knl_timer_shutdown
 *fill*         0x0000000000002b2e        0x2 00000000
 .text.knl_enqueue_tmeb
                0x0000000000002b30       0x60 Output/tcar_qemu Debug/Obj/timer.o
 .text.knl_timer_insert
                0x0000000000002b90       0x50 Output/tcar_qemu Debug/Obj/timer.o
                0x0000000000002b90                knl_timer_insert
 .text.knl_timer_insert_reltim
                0x0000000000002be0       0x3c Output/tcar_qemu Debug/Obj/timer.o
                0x0000000000002be0                knl_timer_insert_reltim
 .text.knl_timer_insert_abs
                0x0000000000002c1c       0x2c Output/tcar_qemu Debug/Obj/timer.o
                0x0000000000002c1c                knl_timer_insert_abs
 .text.knl_timer_handler
                0x0000000000002c48       0xe8 Output/tcar_qemu Debug/Obj/timer.o
                0x0000000000002c48                knl_timer_handler
 .text.knl_init_object
                0x0000000000002d30       0xbe Output/tcar_qemu Debug/Obj/tkinit.o
                0x0000000000002d30                knl_init_object
 .text.isQueEmpty
                0x0000000000002dee       0x1a Output/tcar_qemu Debug/Obj/wait.o
 .text.QueInsert
                0x0000000000002e08       0x28 Output/tcar_qemu Debug/Obj/wait.o
 .text.QueRemove
                0x0000000000002e30       0x28 Output/tcar_qemu Debug/Obj/wait.o
 .text.knl_timer_delete
                0x0000000000002e58       0x16 Output/tcar_qemu Debug/Obj/wait.o
 .text.knl_queue_insert_tpri
                0x0000000000002e6e       0x5a Output/tcar_qemu Debug/Obj/wait.o
 .text.knl_make_non_wait
                0x0000000000002ec8       0x28 Output/tcar_qemu Debug/Obj/wait.o
 .text.knl_wait_release
                0x0000000000002ef0       0x26 Output/tcar_qemu Debug/Obj/wait.o
 .text.knl_wait_release_ok
                0x0000000000002f16       0x1c Output/tcar_qemu Debug/Obj/wait.o
                0x0000000000002f16                knl_wait_release_ok
 .text.knl_wait_release_tmout
                0x0000000000002f32       0x30 Output/tcar_qemu Debug/Obj/wait.o
                0x0000000000002f32                knl_wait_release_tmout
 *fill*         0x0000000000002f62        0x2 00000000
 .text.knl_make_wait
                0x0000000000002f64       0x60 Output/tcar_qemu Debug/Obj/wait.o
                0x0000000000002f64                knl_make_wait
 .text.knl_make_wait_reltim
                0x0000000000002fc4       0x60 Output/tcar_qemu Debug/Obj/wait.o
                0x0000000000002fc4                knl_make_wait_reltim
 .text.knl_wait_delete
                0x0000000000003024       0x34 Output/tcar_qemu Debug/Obj/wait.o
                0x0000000000003024                knl_wait_delete
 .text.knl_gcb_make_wait
                0x0000000000003058       0x68 Output/tcar_qemu Debug/Obj/wait.o
                0x0000000000003058                knl_gcb_make_wait
 .text.knl_gcb_change_priority
                0x00000000000030c0       0x22 Output/tcar_qemu Debug/Obj/wait.o
                0x00000000000030c0                knl_gcb_change_priority
 .text.knl_gcb_top_of_wait_queue
                0x00000000000030e2       0x4e Output/tcar_qemu Debug/Obj/wait.o
                0x00000000000030e2                knl_gcb_top_of_wait_queue
 .text.QueInit  0x0000000000003130       0x16 Output/tcar_qemu Debug/Obj/device.o
 .text.QueInsert
                0x0000000000003146       0x28 Output/tcar_qemu Debug/Obj/device.o
 *fill*         0x000000000000316e        0x2 00000000
 .text.initDevCB
                0x0000000000003170       0x50 Output/tcar_qemu Debug/Obj/device.o
 .text.initIDev
                0x00000000000031c0       0x18 Output/tcar_qemu Debug/Obj/device.o
 .text.knl_initialize_devmgr
                0x00000000000031d8       0x64 Output/tcar_qemu Debug/Obj/device.o
                0x00000000000031d8                knl_initialize_devmgr
 .text.delIDev  0x000000000000323c        0xe Output/tcar_qemu Debug/Obj/device.o
 *fill*         0x000000000000324a        0x2 00000000
 .text.knl_finish_devmgr
                0x000000000000324c       0x28 Output/tcar_qemu Debug/Obj/device.o
                0x000000000000324c                knl_finish_devmgr
 .text.knl_memset
                0x0000000000003274       0x94 Output/tcar_qemu Debug/Obj/string.o
                0x0000000000003274                knl_memset
 .text.knl_strncpy
                0x0000000000003308       0x4e Output/tcar_qemu Debug/Obj/string.o
                0x0000000000003308                knl_strncpy
 .text.knl_init_device
                0x0000000000003356        0x6 Output/tcar_qemu Debug/Obj/devinit.o
                0x0000000000003356                knl_init_device
 .text.knl_start_device
                0x000000000000335c        0x6 Output/tcar_qemu Debug/Obj/devinit.o
                0x000000000000335c                knl_start_device
 .text.knl_finish_device
                0x0000000000003362        0x6 Output/tcar_qemu Debug/Obj/devinit.o
                0x0000000000003362                knl_finish_device
 .text.knl_startup_hw
                0x0000000000003368        0x4 Output/tcar_qemu Debug/Obj/hw_setting.o
                0x0000000000003368                knl_startup_hw
 .text.knl_shutdown_hw
                0x000000000000336c        0x8 Output/tcar_qemu Debug/Obj/hw_setting.o
                0x000000000000336c                knl_shutdown_hw
 .text.knl_restart_hw
                0x0000000000003374       0x64 Output/tcar_qemu Debug/Obj/hw_setting.o
                0x0000000000003374                knl_restart_hw
 .text.low_pow  0x00000000000033d8        0x4 Output/tcar_qemu Debug/Obj/power_save.o
                0x00000000000033d8                low_pow
 .text.knl_EnterTaskIndependent
                0x00000000000033dc       0x14 Output/tcar_qemu Debug/Obj/interrupt.o
 .text.knl_LeaveTaskIndependent
                0x00000000000033f0       0x14 Output/tcar_qemu Debug/Obj/interrupt.o
 .text.knl_get_ipsr
                0x0000000000003404       0x10 Output/tcar_qemu Debug/Obj/interrupt.o
 .text.knl_hll_inthdr
                0x0000000000003414       0x34 Output/tcar_qemu Debug/Obj/interrupt.o
                0x0000000000003414                knl_hll_inthdr
 .text.knl_systim_inthdr
                0x0000000000003448       0x12 Output/tcar_qemu Debug/Obj/interrupt.o
                0x0000000000003448                knl_systim_inthdr
 *fill*         0x000000000000345a        0x2 00000000
 .text.knl_define_inthdr
                0x000000000000345c       0x54 Output/tcar_qemu Debug/Obj/interrupt.o
                0x000000000000345c                knl_define_inthdr
 .text.knl_init_interrupt
                0x00000000000034b0        0x6 Output/tcar_qemu Debug/Obj/interrupt.o
                0x00000000000034b0                knl_init_interrupt
 *fill*         0x00000000000034b6        0x2 00000000
 .text.Reset_Handler
                0x00000000000034b8      0x124 Output/tcar_qemu Debug/Obj/reset_hdl.o
                0x00000000000034b8                Reset_Handler
 .text.knl_force_dispatch
                0x00000000000035dc       0x2c Output/tcar_qemu Debug/Obj/cpu_cntl.o
                0x00000000000035dc                knl_force_dispatch
 .text.knl_dispatch
                0x0000000000003608       0x10 Output/tcar_qemu Debug/Obj/cpu_cntl.o
                0x0000000000003608                knl_dispatch
 .text.NMI_Handler
                0x0000000000003618       0x10 Output/tcar_qemu Debug/Obj/exc_hdr.o
                0x0000000000003618                NMI_Handler
 .text.HardFault_Handler
                0x0000000000003628       0x60 Output/tcar_qemu Debug/Obj/exc_hdr.o
                0x0000000000003628                HardFault_Handler
 .text.MemManage_Handler
                0x0000000000003688       0x10 Output/tcar_qemu Debug/Obj/exc_hdr.o
                0x0000000000003688                MemManage_Handler
 .text.BusFault_Handler
                0x0000000000003698       0x10 Output/tcar_qemu Debug/Obj/exc_hdr.o
                0x0000000000003698                BusFault_Handler
 .text.UsageFault_Handler
                0x00000000000036a8       0x10 Output/tcar_qemu Debug/Obj/exc_hdr.o
                0x00000000000036a8                UsageFault_Handler
 .text.Svcall_Handler
                0x00000000000036b8       0x10 Output/tcar_qemu Debug/Obj/exc_hdr.o
                0x00000000000036b8                Svcall_Handler
 .text.DebugMon_Handler
                0x00000000000036c8       0x10 Output/tcar_qemu Debug/Obj/exc_hdr.o
                0x00000000000036c8                DebugMon_Handler
 .text.Default_Handler
                0x00000000000036d8       0x48 Output/tcar_qemu Debug/Obj/exc_hdr.o
                0x00000000000036d8                Default_Handler
 .text.INC      0x0000000000003720       0x24 Output/tcar_qemu Debug/Obj/fastmlock.o
 .text.DEC      0x0000000000003744       0x24 Output/tcar_qemu Debug/Obj/fastmlock.o
 .text.BTS      0x0000000000003768       0x3e Output/tcar_qemu Debug/Obj/fastmlock.o
 .text.BR       0x00000000000037a6       0x30 Output/tcar_qemu Debug/Obj/fastmlock.o
 .text.MLockTmo
                0x00000000000037d6       0x68 Output/tcar_qemu Debug/Obj/fastmlock.o
                0x00000000000037d6                MLockTmo
 .text.MLock    0x000000000000383e       0x1e Output/tcar_qemu Debug/Obj/fastmlock.o
                0x000000000000383e                MLock
 .text.MUnlock  0x000000000000385c       0x42 Output/tcar_qemu Debug/Obj/fastmlock.o
                0x000000000000385c                MUnlock
 *fill*         0x000000000000389e        0x2 00000000
 .text.CreateMLock
                0x00000000000038a0       0x74 Output/tcar_qemu Debug/Obj/fastmlock.o
                0x00000000000038a0                CreateMLock
 .text.DeleteMLock
                0x0000000000003914       0x3a Output/tcar_qemu Debug/Obj/fastmlock.o
                0x0000000000003914                DeleteMLock
 .text.ClearInt
                0x000000000000394e       0x14 Output/tcar_qemu Debug/Obj/int_m367.o
                0x000000000000394e                ClearInt
 .text.SetIntMode
                0x0000000000003962        0xc Output/tcar_qemu Debug/Obj/int_m367.o
                0x0000000000003962                SetIntMode
 .text.set_basepri
                0x000000000000396e       0x10 Output/tcar_qemu Debug/Obj/int_acm3.o
                0x000000000000396e                set_basepri
 .text.get_basepri
                0x000000000000397e       0x10 Output/tcar_qemu Debug/Obj/int_acm3.o
                0x000000000000397e                get_basepri
 .text.disint   0x000000000000398e       0x1a Output/tcar_qemu Debug/Obj/int_acm3.o
                0x000000000000398e                disint
 .text.EnableInt
                0x00000000000039a8       0x4a Output/tcar_qemu Debug/Obj/int_acm3.o
                0x00000000000039a8                EnableInt
 *fill*         0x00000000000039f2        0x2 00000000
 .text.ClearPendingInt
                0x00000000000039f4       0x28 Output/tcar_qemu Debug/Obj/int_acm3.o
                0x00000000000039f4                ClearPendingInt
 .text.outint   0x0000000000003a1c       0x88 Output/tcar_qemu Debug/Obj/libtm_printf.o
 .text.tm_vsprintf
                0x0000000000003aa4      0x6d4 Output/tcar_qemu Debug/Obj/libtm_printf.o
 .text.out_cons
                0x0000000000004178       0x46 Output/tcar_qemu Debug/Obj/libtm_printf.o
 *fill*         0x00000000000041be        0x2 00000000
 .text.tm_printf
                0x00000000000041c0       0x34 Output/tcar_qemu Debug/Obj/libtm_printf.o
                0x00000000000041c0                tm_printf
 .text.libtm_init
                0x00000000000041f4        0xa Output/tcar_qemu Debug/Obj/libtm.o
                0x00000000000041f4                libtm_init
 *fill*         0x00000000000041fe        0x2 00000000
 .text.tm_putchar
                0x0000000000004200       0x48 Output/tcar_qemu Debug/Obj/libtm.o
                0x0000000000004200                tm_putchar
 .text.tm_putstring
                0x0000000000004248       0x3c Output/tcar_qemu Debug/Obj/libtm.o
                0x0000000000004248                tm_putstring
 .text.smh_send
                0x0000000000004284       0x14 Output/tcar_qemu Debug/Obj/tm_com_qemu.o
 .text.tm_snd_dat
                0x0000000000004298       0x2c Output/tcar_qemu Debug/Obj/tm_com_qemu.o
                0x0000000000004298                tm_snd_dat
 .text.tm_com_init
                0x00000000000042c4        0x4 Output/tcar_qemu Debug/Obj/tm_com_qemu.o
                0x00000000000042c4                tm_com_init
 .text.sw_int   0x00000000000042c8       0x14 Output/tcar_qemu Debug/Obj/user_main.o
                0x00000000000042c8                sw_int
 .text.inthdr   0x00000000000042dc       0x2c Output/tcar_qemu Debug/Obj/user_main.o
                0x00000000000042dc                inthdr
 .text.cychdr   0x0000000000004308       0x5c Output/tcar_qemu Debug/Obj/user_main.o
                0x0000000000004308                cychdr
 .text.usermain
                0x0000000000004364       0x80 Output/tcar_qemu Debug/Obj/user_main.o
                0x0000000000004364                usermain
 *(.rodata)
 .rodata        0x00000000000043e4       0x55 Output/tcar_qemu Debug/Obj/inittask.o
 *fill*         0x0000000000004439        0x3 00000000
 .rodata        0x000000000000443c       0xd8 Output/tcar_qemu Debug/Obj/sysinit.o
 .rodata        0x0000000000004514        0x5 Output/tcar_qemu Debug/Obj/device.o
 *fill*         0x0000000000004519        0x3 00000000
 .rodata        0x000000000000451c       0x53 Output/tcar_qemu Debug/Obj/hw_setting.o
 *fill*         0x000000000000456f        0x1 00000000
 .rodata        0x0000000000004570       0xca Output/tcar_qemu Debug/Obj/exc_hdr.o
 *fill*         0x000000000000463a        0x2 00000000
 .rodata        0x000000000000463c        0x5 Output/tcar_qemu Debug/Obj/fastmlock.o
 *fill*         0x0000000000004641        0x3 00000000
 .rodata        0x0000000000004644        0xe Output/tcar_qemu Debug/Obj/libtm_printf.o
 *fill*         0x0000000000004652        0x2 00000000
 .rodata        0x0000000000004654       0x14 Output/tcar_qemu Debug/Obj/user_main.o
 *(.rodata.*)
 .rodata.knl_init_ctsk
                0x0000000000004668       0x20 Output/tcar_qemu Debug/Obj/inittask.o
                0x0000000000004668                knl_init_ctsk
 .rodata.knl_wspec_flg_tfifo
                0x0000000000004688        0xc Output/tcar_qemu Debug/Obj/eventflag.o
 .rodata.knl_wspec_flg_tpri
                0x0000000000004694        0xc Output/tcar_qemu Debug/Obj/eventflag.o
 .rodata.knl_wspec_sem_tfifo
                0x00000000000046a0        0xc Output/tcar_qemu Debug/Obj/semaphore.o
 .rodata.knl_wspec_sem_tpri
                0x00000000000046ac        0xc Output/tcar_qemu Debug/Obj/semaphore.o
 .rodata.knl_wspec_slp
                0x00000000000046b8        0xc Output/tcar_qemu Debug/Obj/task_sync.o
 .rodata.knl_wspec_dly
                0x00000000000046c4        0xc Output/tcar_qemu Debug/Obj/task_sync.o
 .rodata.digits.4569
                0x00000000000046d0       0x20 Output/tcar_qemu Debug/Obj/libtm_printf.o
 .rodata.CR.4371
                0x00000000000046f0        0x1 Output/tcar_qemu Debug/Obj/libtm.o
                0x0000000000004700                . = ALIGN (0x10)
 *fill*         0x00000000000046f1        0xf 00000000

.glue_7         0x0000000000004700        0x0
 .glue_7        0x0000000000004700        0x0 linker stubs

.glue_7t        0x0000000000004700        0x0
 .glue_7t       0x0000000000004700        0x0 linker stubs

.vfp11_veneer   0x0000000000004700        0x0
 .vfp11_veneer  0x0000000000004700        0x0 linker stubs

.v4_bx          0x0000000000004700        0x0
 .v4_bx         0x0000000000004700        0x0 linker stubs

.iplt           0x0000000000004700        0x0
 .iplt          0x0000000000004700        0x0 Output/tcar_qemu Debug/Obj/inittask.o

.rel.dyn        0x0000000000004700        0x0
 .rel.iplt      0x0000000000004700        0x0 Output/tcar_qemu Debug/Obj/inittask.o
                0x0000000000004700                . = ALIGN (0x4)
                0x0000000000004700                __data_org = .

vector          0x0000000020000800      0x240
                0x0000000020000800                __vector_start = .
 *(.data_vector)
 .data_vector   0x0000000020000800      0x240 Output/tcar_qemu Debug/Obj/interrupt.o
                0x0000000020000800                exchdr_tbl
                0x0000000020000a40                __vector_end = .

.data           0x0000000020000a40        0x0 load address 0x0000000000004700
                0x0000000020000a40                __data_start = .
 *(.data)
 *(.data.*)
                0x0000000020000a40                . = ALIGN (0x4)
                0x0000000020000a40                __data_end = .

.igot.plt       0x0000000020000a40        0x0
 .igot.plt      0x0000000020000a40        0x0 Output/tcar_qemu Debug/Obj/inittask.o

.bss            0x0000000020000a40     0x2c10
                0x0000000020000a40                __bss_start = .
                [!provide]                        PROVIDE (__noinit_start = .)
 *(.noinit)
 .noinit        0x0000000020000a40      0x75c Output/tcar_qemu Debug/Obj/deviceio.o
                0x0000000020000a40                knl_OpnCBtbl
                0x0000000020000e40                knl_FreeOpnCB
                0x0000000020000e48                knl_ReqCBtbl
                0x0000000020001188                knl_FreeReqCB
                0x0000000020001190                knl_resource_control_block
 .noinit        0x000000002000119c      0x208 Output/tcar_qemu Debug/Obj/eventflag.o
                0x000000002000119c                knl_flgcb_table
                0x000000002000139c                knl_free_flgcb
 .noinit        0x00000000200013a4      0x128 Output/tcar_qemu Debug/Obj/mailbox.o
                0x00000000200013a4                knl_mbxcb_table
                0x00000000200014c4                knl_free_mbxcb
 .noinit        0x00000000200014cc        0x4 Output/tcar_qemu Debug/Obj/memory.o
                0x00000000200014cc                knl_imacb
 .noinit        0x00000000200014d0      0x208 Output/tcar_qemu Debug/Obj/mempfix.o
                0x00000000200014d0                knl_mpfcb_table
                0x00000000200016d0                knl_free_mpfcb
 .noinit        0x00000000200016d8       0xf8 Output/tcar_qemu Debug/Obj/mempool.o
                0x00000000200016d8                knl_mplcb_table
                0x00000000200017c8                knl_free_mplcb
 .noinit        0x00000000200017d0      0x1e8 Output/tcar_qemu Debug/Obj/messagebuf.o
                0x00000000200017d0                knl_mbfcb_table
                0x00000000200019b0                knl_free_mbfcb
 .noinit        0x00000000200019b8       0xa8 Output/tcar_qemu Debug/Obj/mutex.o
                0x00000000200019b8                knl_mtxcb_table
                0x0000000020001a58                knl_free_mtxcb
 .noinit        0x0000000020001a60       0xb8 Output/tcar_qemu Debug/Obj/rendezvous.o
                0x0000000020001a60                knl_porcb_table
                0x0000000020001b10                knl_free_porcb
 .noinit        0x0000000020001b18      0x248 Output/tcar_qemu Debug/Obj/semaphore.o
                0x0000000020001b18                knl_semcb_table
                0x0000000020001d58                knl_free_semcb
 .noinit        0x0000000020001d60     0x1124 Output/tcar_qemu Debug/Obj/task.o
                0x0000000020001d60                knl_dispatch_disabled
                0x0000000020001d64                knl_ctxtsk
                0x0000000020001d68                knl_schedtsk
                0x0000000020001d6c                knl_ready_queue
                0x0000000020001e7c                knl_tcb_table
                0x0000000020002e7c                knl_free_tcb
 .noinit        0x0000000020002e84      0x230 Output/tcar_qemu Debug/Obj/time_calls.o
                0x0000000020002e84                knl_cyccb_table
                0x0000000020002f44                knl_free_cyccb
                0x0000000020002f4c                knl_almcb_table
                0x00000000200030ac                knl_free_almcb
 *fill*         0x00000000200030b4        0x4 
 .noinit        0x00000000200030b8       0x18 Output/tcar_qemu Debug/Obj/timer.o
                0x00000000200030b8                knl_current_time
                0x00000000200030c0                knl_real_time_ofs
                0x00000000200030c8                knl_timer_queue
 .noinit        0x00000000200030d0      0x264 Output/tcar_qemu Debug/Obj/device.o
                0x00000000200030d0                knl_DevMgrLock
                0x00000000200030e0                knl_DefaultIDev
                0x00000000200030e4                knl_DevCBtbl
                0x0000000020003324                knl_UsedDevCB
                0x000000002000332c                knl_FreeDevCB
 .noinit        0x0000000020003334      0x200 Output/tcar_qemu Debug/Obj/interrupt.o
 .noinit        0x0000000020003534      0x100 Output/tcar_qemu Debug/Obj/cpu_cntl.o
                0x0000000020003534                knl_tmp_stack
                [!provide]                        PROVIDE (__noinit_end = .)
 *(.bss)
 *(.bss.*)
 .bss.knl_DisSusCnt
                0x0000000020003634        0x4 Output/tcar_qemu Debug/Obj/deviceio.o
                0x0000000020003634                knl_DisSusCnt
 .bss.knl_lowpow_discnt
                0x0000000020003638        0x4 Output/tcar_qemu Debug/Obj/power.o
                0x0000000020003638                knl_lowpow_discnt
 .bss.knl_lowmem_top
                0x000000002000363c        0x4 Output/tcar_qemu Debug/Obj/reset_hdl.o
                0x000000002000363c                knl_lowmem_top
 .bss.knl_lowmem_limit
                0x0000000020003640        0x4 Output/tcar_qemu Debug/Obj/reset_hdl.o
                0x0000000020003640                knl_lowmem_limit
 .bss.knl_taskindp
                0x0000000020003644        0x4 Output/tcar_qemu Debug/Obj/cpu_cntl.o
                0x0000000020003644                knl_taskindp
 .bss.cycid     0x0000000020003648        0x4 Output/tcar_qemu Debug/Obj/user_main.o
                0x0000000020003648                cycid
 .bss.on_off.4353
                0x000000002000364c        0x4 Output/tcar_qemu Debug/Obj/user_main.o
 *(COMMON)
                0x0000000020003650                . = ALIGN (0x4)
                0x0000000020003650                __bss_end = .
                0x0000000020003650                __end = .
START GROUP
LOAD Output/tcar_qemu Debug/Obj/inittask.o
LOAD Output/tcar_qemu Debug/Obj/sysinit.o
LOAD Output/tcar_qemu Debug/Obj/deviceio.o
LOAD Output/tcar_qemu Debug/Obj/eventflag.o
LOAD Output/tcar_qemu Debug/Obj/int.o
LOAD Output/tcar_qemu Debug/Obj/klock.o
LOAD Output/tcar_qemu Debug/Obj/mailbox.o
LOAD Output/tcar_qemu Debug/Obj/memory.o
LOAD Output/tcar_qemu Debug/Obj/mempfix.o
LOAD Output/tcar_qemu Debug/Obj/mempool.o
LOAD Output/tcar_qemu Debug/Obj/messagebuf.o
LOAD Output/tcar_qemu Debug/Obj/misc_calls.o
LOAD Output/tcar_qemu Debug/Obj/mutex.o
LOAD Output/tcar_qemu Debug/Obj/objname.o
LOAD Output/tcar_qemu Debug/Obj/power.o
LOAD Output/tcar_qemu Debug/Obj/rendezvous.o
LOAD Output/tcar_qemu Debug/Obj/semaphore.o
LOAD Output/tcar_qemu Debug/Obj/task.o
LOAD Output/tcar_qemu Debug/Obj/task_manage.o
LOAD Output/tcar_qemu Debug/Obj/task_sync.o
LOAD Output/tcar_qemu Debug/Obj/time_calls.o
LOAD Output/tcar_qemu Debug/Obj/timer.o
LOAD Output/tcar_qemu Debug/Obj/tkinit.o
LOAD Output/tcar_qemu Debug/Obj/wait.o
LOAD Output/tcar_qemu Debug/Obj/cpuctl.o
LOAD Output/tcar_qemu Debug/Obj/device.o
LOAD Output/tcar_qemu Debug/Obj/bitop.o
LOAD Output/tcar_qemu Debug/Obj/string.o
LOAD Output/tcar_qemu Debug/Obj/usermain.o
LOAD Output/tcar_qemu Debug/Obj/devinit.o
LOAD Output/tcar_qemu Debug/Obj/hw_setting.o
LOAD Output/tcar_qemu Debug/Obj/power_save.o
LOAD Output/tcar_qemu Debug/Obj/cpu_clock.o
LOAD Output/tcar_qemu Debug/Obj/interrupt.o
LOAD Output/tcar_qemu Debug/Obj/reset_hdl.o
LOAD Output/tcar_qemu Debug/Obj/vector_tbl.o
LOAD Output/tcar_qemu Debug/Obj/cpu_cntl.o
LOAD Output/tcar_qemu Debug/Obj/dispatch.o
LOAD Output/tcar_qemu Debug/Obj/exc_hdr.o
LOAD Output/tcar_qemu Debug/Obj/fastlock.o
LOAD Output/tcar_qemu Debug/Obj/fastmlock.o
LOAD Output/tcar_qemu Debug/Obj/int_m367.o
LOAD Output/tcar_qemu Debug/Obj/wusec_acm3.o
LOAD Output/tcar_qemu Debug/Obj/int_acm3.o
LOAD Output/tcar_qemu Debug/Obj/libtm_printf.o
LOAD Output/tcar_qemu Debug/Obj/libtm.o
LOAD Output/tcar_qemu Debug/Obj/tm_com.o
LOAD Output/tcar_qemu Debug/Obj/SEGGER_tm_com.o
LOAD Output/tcar_qemu Debug/Obj/SEGGER_RTT.o
LOAD Output/tcar_qemu Debug/Obj/tm_com_qemu.o
LOAD Output/tcar_qemu Debug/Obj/user_main.o
END GROUP
OUTPUT(Output/Debug/Exe/tcar_qemu.elf elf32-littlearm)

.debug_frame    0x0000000000000000     0x4274
 .debug_frame   0x0000000000000000       0x88 Output/tcar_qemu Debug/Obj/inittask.o
 .debug_frame   0x0000000000000088       0x4c Output/tcar_qemu Debug/Obj/sysinit.o
 .debug_frame   0x00000000000000d4      0x478 Output/tcar_qemu Debug/Obj/deviceio.o
 .debug_frame   0x000000000000054c      0x2a0 Output/tcar_qemu Debug/Obj/eventflag.o
 .debug_frame   0x00000000000007ec       0x54 Output/tcar_qemu Debug/Obj/int.o
 .debug_frame   0x0000000000000840      0x278 Output/tcar_qemu Debug/Obj/mailbox.o
 .debug_frame   0x0000000000000ab8      0x1dc Output/tcar_qemu Debug/Obj/memory.o
 .debug_frame   0x0000000000000c94      0x2b8 Output/tcar_qemu Debug/Obj/mempfix.o
 .debug_frame   0x0000000000000f4c      0x390 Output/tcar_qemu Debug/Obj/mempool.o
 .debug_frame   0x00000000000012dc      0x360 Output/tcar_qemu Debug/Obj/messagebuf.o
 .debug_frame   0x000000000000163c      0x320 Output/tcar_qemu Debug/Obj/mutex.o
 .debug_frame   0x000000000000195c      0x388 Output/tcar_qemu Debug/Obj/rendezvous.o
 .debug_frame   0x0000000000001ce4      0x260 Output/tcar_qemu Debug/Obj/semaphore.o
 .debug_frame   0x0000000000001f44      0x32c Output/tcar_qemu Debug/Obj/task.o
 .debug_frame   0x0000000000002270      0x3b4 Output/tcar_qemu Debug/Obj/task_manage.o
 .debug_frame   0x0000000000002624      0x178 Output/tcar_qemu Debug/Obj/task_sync.o
 .debug_frame   0x000000000000279c      0x6c8 Output/tcar_qemu Debug/Obj/time_calls.o
 .debug_frame   0x0000000000002e64      0x280 Output/tcar_qemu Debug/Obj/timer.o
 .debug_frame   0x00000000000030e4       0x38 Output/tcar_qemu Debug/Obj/tkinit.o
 .debug_frame   0x000000000000311c      0x2c8 Output/tcar_qemu Debug/Obj/wait.o
 .debug_frame   0x00000000000033e4      0x364 Output/tcar_qemu Debug/Obj/device.o
 .debug_frame   0x0000000000003748      0x16c Output/tcar_qemu Debug/Obj/string.o
 .debug_frame   0x00000000000038b4       0x40 Output/tcar_qemu Debug/Obj/devinit.o
 .debug_frame   0x00000000000038f4       0x64 Output/tcar_qemu Debug/Obj/hw_setting.o
 .debug_frame   0x0000000000003958       0x30 Output/tcar_qemu Debug/Obj/power_save.o
 .debug_frame   0x0000000000003988       0xd4 Output/tcar_qemu Debug/Obj/interrupt.o
 .debug_frame   0x0000000000003a5c       0x30 Output/tcar_qemu Debug/Obj/reset_hdl.o
 .debug_frame   0x0000000000003a8c       0x7c Output/tcar_qemu Debug/Obj/cpu_cntl.o
 .debug_frame   0x0000000000003b08       0xf8 Output/tcar_qemu Debug/Obj/exc_hdr.o
 .debug_frame   0x0000000000003c00      0x178 Output/tcar_qemu Debug/Obj/fastmlock.o
 .debug_frame   0x0000000000003d78       0x58 Output/tcar_qemu Debug/Obj/int_m367.o
 .debug_frame   0x0000000000003dd0      0x17c Output/tcar_qemu Debug/Obj/int_acm3.o
 .debug_frame   0x0000000000003f4c      0x134 Output/tcar_qemu Debug/Obj/libtm_printf.o
 .debug_frame   0x0000000000004080       0xcc Output/tcar_qemu Debug/Obj/libtm.o
 .debug_frame   0x000000000000414c       0x88 Output/tcar_qemu Debug/Obj/tm_com_qemu.o
 .debug_frame   0x00000000000041d4       0xa0 Output/tcar_qemu Debug/Obj/user_main.o

.debug_types    0x0000000000000000     0x3f1a
 .debug_types   0x0000000000000000       0x37 Output/tcar_qemu Debug/Obj/inittask.o
 .debug_types   0x0000000000000037      0x133 Output/tcar_qemu Debug/Obj/inittask.o
 .debug_types   0x000000000000016a       0xb1 Output/tcar_qemu Debug/Obj/inittask.o
 .debug_types   0x000000000000021b      0x140 Output/tcar_qemu Debug/Obj/inittask.o
 .debug_types   0x000000000000035b       0x3d Output/tcar_qemu Debug/Obj/inittask.o
 .debug_types   0x0000000000000398       0x5b Output/tcar_qemu Debug/Obj/inittask.o
 .debug_types   0x00000000000003f3       0x83 Output/tcar_qemu Debug/Obj/inittask.o
 .debug_types   0x0000000000000476       0x9c Output/tcar_qemu Debug/Obj/inittask.o
 .debug_types   0x0000000000000512       0x8a Output/tcar_qemu Debug/Obj/inittask.o
 .debug_types   0x000000000000059c       0x5c Output/tcar_qemu Debug/Obj/inittask.o
 .debug_types   0x00000000000005f8       0x5d Output/tcar_qemu Debug/Obj/inittask.o
 .debug_types   0x0000000000000655       0x52 Output/tcar_qemu Debug/Obj/inittask.o
 .debug_types   0x00000000000006a7       0x68 Output/tcar_qemu Debug/Obj/inittask.o
 .debug_types   0x000000000000070f       0x48 Output/tcar_qemu Debug/Obj/inittask.o
 .debug_types   0x0000000000000757       0xa9 Output/tcar_qemu Debug/Obj/inittask.o
 .debug_types   0x0000000000000800      0x2f6 Output/tcar_qemu Debug/Obj/inittask.o
 .debug_types   0x0000000000000af6       0x4c Output/tcar_qemu Debug/Obj/inittask.o
 .debug_types   0x0000000000000b42       0x54 Output/tcar_qemu Debug/Obj/inittask.o
 .debug_types   0x0000000000000b96      0x123 Output/tcar_qemu Debug/Obj/inittask.o
 .debug_types   0x0000000000000cb9       0x69 Output/tcar_qemu Debug/Obj/deviceio.o
 .debug_types   0x0000000000000d22       0xb3 Output/tcar_qemu Debug/Obj/deviceio.o
 .debug_types   0x0000000000000dd5      0x153 Output/tcar_qemu Debug/Obj/deviceio.o
 .debug_types   0x0000000000000f28       0xa8 Output/tcar_qemu Debug/Obj/deviceio.o
 .debug_types   0x0000000000000fd0       0xa9 Output/tcar_qemu Debug/Obj/deviceio.o
 .debug_types   0x0000000000001079      0x120 Output/tcar_qemu Debug/Obj/deviceio.o
 .debug_types   0x0000000000001199       0x59 Output/tcar_qemu Debug/Obj/deviceio.o
 .debug_types   0x00000000000011f2      0x11f Output/tcar_qemu Debug/Obj/deviceio.o
 .debug_types   0x0000000000001311       0xc9 Output/tcar_qemu Debug/Obj/deviceio.o
 .debug_types   0x00000000000013da       0xfd Output/tcar_qemu Debug/Obj/eventflag.o
 .debug_types   0x00000000000014d7       0xae Output/tcar_qemu Debug/Obj/eventflag.o
 .debug_types   0x0000000000001585       0xdd Output/tcar_qemu Debug/Obj/eventflag.o
 .debug_types   0x0000000000001662       0x86 Output/tcar_qemu Debug/Obj/eventflag.o
 .debug_types   0x00000000000016e8       0x8a Output/tcar_qemu Debug/Obj/eventflag.o
 .debug_types   0x0000000000001772       0xb5 Output/tcar_qemu Debug/Obj/eventflag.o
 .debug_types   0x0000000000001827       0x7b Output/tcar_qemu Debug/Obj/int.o
 .debug_types   0x00000000000018a2      0x115 Output/tcar_qemu Debug/Obj/mailbox.o
 .debug_types   0x00000000000019b7       0x8a Output/tcar_qemu Debug/Obj/mailbox.o
 .debug_types   0x0000000000001a41       0x8e Output/tcar_qemu Debug/Obj/mailbox.o
 .debug_types   0x0000000000001acf       0x79 Output/tcar_qemu Debug/Obj/mailbox.o
 .debug_types   0x0000000000001b48       0xa0 Output/tcar_qemu Debug/Obj/mailbox.o
 .debug_types   0x0000000000001be8       0x70 Output/tcar_qemu Debug/Obj/memory.o
 .debug_types   0x0000000000001c58      0x183 Output/tcar_qemu Debug/Obj/mempfix.o
 .debug_types   0x0000000000001ddb       0x3f Output/tcar_qemu Debug/Obj/mempfix.o
 .debug_types   0x0000000000001e1a       0x84 Output/tcar_qemu Debug/Obj/mempfix.o
 .debug_types   0x0000000000001e9e       0x93 Output/tcar_qemu Debug/Obj/mempfix.o
 .debug_types   0x0000000000001f31       0xe6 Output/tcar_qemu Debug/Obj/mempfix.o
 .debug_types   0x0000000000002017      0x136 Output/tcar_qemu Debug/Obj/mempool.o
 .debug_types   0x000000000000214d       0x91 Output/tcar_qemu Debug/Obj/mempool.o
 .debug_types   0x00000000000021de       0xa1 Output/tcar_qemu Debug/Obj/mempool.o
 .debug_types   0x000000000000227f       0xd8 Output/tcar_qemu Debug/Obj/mempool.o
 .debug_types   0x0000000000002357      0x168 Output/tcar_qemu Debug/Obj/messagebuf.o
 .debug_types   0x00000000000024bf       0xab Output/tcar_qemu Debug/Obj/messagebuf.o
 .debug_types   0x000000000000256a       0xbd Output/tcar_qemu Debug/Obj/messagebuf.o
 .debug_types   0x0000000000002627       0xf9 Output/tcar_qemu Debug/Obj/messagebuf.o
 .debug_types   0x0000000000002720       0x58 Output/tcar_qemu Debug/Obj/mutex.o
 .debug_types   0x0000000000002778       0x73 Output/tcar_qemu Debug/Obj/mutex.o
 .debug_types   0x00000000000027eb       0x73 Output/tcar_qemu Debug/Obj/mutex.o
 .debug_types   0x000000000000285e       0xc8 Output/tcar_qemu Debug/Obj/mutex.o
 .debug_types   0x0000000000002926      0x10b Output/tcar_qemu Debug/Obj/rendezvous.o
 .debug_types   0x0000000000002a31       0x8d Output/tcar_qemu Debug/Obj/rendezvous.o
 .debug_types   0x0000000000002abe       0x93 Output/tcar_qemu Debug/Obj/rendezvous.o
 .debug_types   0x0000000000002b51       0xcf Output/tcar_qemu Debug/Obj/rendezvous.o
 .debug_types   0x0000000000002c20       0xfe Output/tcar_qemu Debug/Obj/semaphore.o
 .debug_types   0x0000000000002d1e       0x73 Output/tcar_qemu Debug/Obj/semaphore.o
 .debug_types   0x0000000000002d91       0x73 Output/tcar_qemu Debug/Obj/semaphore.o
 .debug_types   0x0000000000002e04       0xb8 Output/tcar_qemu Debug/Obj/task.o
 .debug_types   0x0000000000002ebc       0x64 Output/tcar_qemu Debug/Obj/task_manage.o
 .debug_types   0x0000000000002f20      0x131 Output/tcar_qemu Debug/Obj/task_manage.o
 .debug_types   0x0000000000003051       0xe5 Output/tcar_qemu Debug/Obj/task_manage.o
 .debug_types   0x0000000000003136       0xf7 Output/tcar_qemu Debug/Obj/time_calls.o
 .debug_types   0x000000000000322d      0x110 Output/tcar_qemu Debug/Obj/time_calls.o
 .debug_types   0x000000000000333d       0x86 Output/tcar_qemu Debug/Obj/time_calls.o
 .debug_types   0x00000000000033c3       0x86 Output/tcar_qemu Debug/Obj/time_calls.o
 .debug_types   0x0000000000003449       0x8a Output/tcar_qemu Debug/Obj/time_calls.o
 .debug_types   0x00000000000034d3       0xc6 Output/tcar_qemu Debug/Obj/time_calls.o
 .debug_types   0x0000000000003599       0x8a Output/tcar_qemu Debug/Obj/time_calls.o
 .debug_types   0x0000000000003623       0xee Output/tcar_qemu Debug/Obj/time_calls.o
 .debug_types   0x0000000000003711       0x67 Output/tcar_qemu Debug/Obj/time_calls.o
 .debug_types   0x0000000000003778       0xd0 Output/tcar_qemu Debug/Obj/device.o
 .debug_types   0x0000000000003848       0xa7 Output/tcar_qemu Debug/Obj/device.o
 .debug_types   0x00000000000038ef       0x54 Output/tcar_qemu Debug/Obj/hw_setting.o
 .debug_types   0x0000000000003943       0x78 Output/tcar_qemu Debug/Obj/libtm_printf.o
 .debug_types   0x00000000000039bb       0x8a Output/tcar_qemu Debug/Obj/libtm_printf.o
 .debug_types   0x0000000000003a45       0x6b Output/tcar_qemu Debug/Obj/libtm_printf.o
 .debug_types   0x0000000000003ab0       0x97 Output/tcar_qemu Debug/Obj/libtm_printf.o
 .debug_types   0x0000000000003b47      0x16e Output/tcar_qemu Debug/Obj/libtm_printf.o
 .debug_types   0x0000000000003cb5      0x1da Output/tcar_qemu Debug/Obj/libtm_printf.o
 .debug_types   0x0000000000003e8f       0x54 Output/tcar_qemu Debug/Obj/libtm_printf.o
 .debug_types   0x0000000000003ee3       0x37 Output/tcar_qemu Debug/Obj/libtm_printf.o

.debug_info     0x0000000000000000     0xe577
 .debug_info    0x0000000000000000      0x25f Output/tcar_qemu Debug/Obj/inittask.o
 .debug_info    0x000000000000025f      0x214 Output/tcar_qemu Debug/Obj/sysinit.o
 .debug_info    0x0000000000000473     0x10a8 Output/tcar_qemu Debug/Obj/deviceio.o
 .debug_info    0x000000000000151b      0xa21 Output/tcar_qemu Debug/Obj/eventflag.o
 .debug_info    0x0000000000001f3c      0x28a Output/tcar_qemu Debug/Obj/int.o
 .debug_info    0x00000000000021c6      0x998 Output/tcar_qemu Debug/Obj/mailbox.o
 .debug_info    0x0000000000002b5e      0x508 Output/tcar_qemu Debug/Obj/memory.o
 .debug_info    0x0000000000003066      0x9d7 Output/tcar_qemu Debug/Obj/mempfix.o
 .debug_info    0x0000000000003a3d      0xc96 Output/tcar_qemu Debug/Obj/mempool.o
 .debug_info    0x00000000000046d3      0xc70 Output/tcar_qemu Debug/Obj/messagebuf.o
 .debug_info    0x0000000000005343      0xb4a Output/tcar_qemu Debug/Obj/mutex.o
 .debug_info    0x0000000000005e8d      0x1a8 Output/tcar_qemu Debug/Obj/power.o
 .debug_info    0x0000000000006035      0xdc3 Output/tcar_qemu Debug/Obj/rendezvous.o
 .debug_info    0x0000000000006df8      0x940 Output/tcar_qemu Debug/Obj/semaphore.o
 .debug_info    0x0000000000007738      0x75c Output/tcar_qemu Debug/Obj/task.o
 .debug_info    0x0000000000007e94      0xb33 Output/tcar_qemu Debug/Obj/task_manage.o
 .debug_info    0x00000000000089c7      0x594 Output/tcar_qemu Debug/Obj/task_sync.o
 .debug_info    0x0000000000008f5b     0x122b Output/tcar_qemu Debug/Obj/time_calls.o
 .debug_info    0x000000000000a186      0x5c8 Output/tcar_qemu Debug/Obj/timer.o
 .debug_info    0x000000000000a74e      0x1d4 Output/tcar_qemu Debug/Obj/tkinit.o
 .debug_info    0x000000000000a922      0x643 Output/tcar_qemu Debug/Obj/wait.o
 .debug_info    0x000000000000af65      0xacb Output/tcar_qemu Debug/Obj/device.o
 .debug_info    0x000000000000ba30      0x405 Output/tcar_qemu Debug/Obj/string.o
 .debug_info    0x000000000000be35      0x212 Output/tcar_qemu Debug/Obj/devinit.o
 .debug_info    0x000000000000c047      0x25a Output/tcar_qemu Debug/Obj/hw_setting.o
 .debug_info    0x000000000000c2a1      0x1e9 Output/tcar_qemu Debug/Obj/power_save.o
 .debug_info    0x000000000000c48a      0x34d Output/tcar_qemu Debug/Obj/interrupt.o
 .debug_info    0x000000000000c7d7      0x2c9 Output/tcar_qemu Debug/Obj/reset_hdl.o
 .debug_info    0x000000000000caa0      0x1ec Output/tcar_qemu Debug/Obj/vector_tbl.o
 .debug_info    0x000000000000cc8c      0x3a1 Output/tcar_qemu Debug/Obj/cpu_cntl.o
 .debug_info    0x000000000000d02d       0x26 Output/tcar_qemu Debug/Obj/dispatch.o
 .debug_info    0x000000000000d053      0x2d5 Output/tcar_qemu Debug/Obj/exc_hdr.o
 .debug_info    0x000000000000d328      0x3d8 Output/tcar_qemu Debug/Obj/fastmlock.o
 .debug_info    0x000000000000d700      0x13c Output/tcar_qemu Debug/Obj/int_m367.o
 .debug_info    0x000000000000d83c      0x29a Output/tcar_qemu Debug/Obj/int_acm3.o
 .debug_info    0x000000000000dad6      0x596 Output/tcar_qemu Debug/Obj/libtm_printf.o
 .debug_info    0x000000000000e06c      0x20b Output/tcar_qemu Debug/Obj/libtm.o
 .debug_info    0x000000000000e277      0x140 Output/tcar_qemu Debug/Obj/tm_com_qemu.o
 .debug_info    0x000000000000e3b7      0x1c0 Output/tcar_qemu Debug/Obj/user_main.o

.debug_abbrev   0x0000000000000000     0x5bcd
 .debug_abbrev  0x0000000000000000      0x209 Output/tcar_qemu Debug/Obj/inittask.o
 .debug_abbrev  0x0000000000000209      0x1eb Output/tcar_qemu Debug/Obj/sysinit.o
 .debug_abbrev  0x00000000000003f4      0x437 Output/tcar_qemu Debug/Obj/deviceio.o
 .debug_abbrev  0x000000000000082b      0x333 Output/tcar_qemu Debug/Obj/eventflag.o
 .debug_abbrev  0x0000000000000b5e      0x1fd Output/tcar_qemu Debug/Obj/int.o
 .debug_abbrev  0x0000000000000d5b      0x333 Output/tcar_qemu Debug/Obj/mailbox.o
 .debug_abbrev  0x000000000000108e      0x2ed Output/tcar_qemu Debug/Obj/memory.o
 .debug_abbrev  0x000000000000137b      0x333 Output/tcar_qemu Debug/Obj/mempfix.o
 .debug_abbrev  0x00000000000016ae      0x376 Output/tcar_qemu Debug/Obj/mempool.o
 .debug_abbrev  0x0000000000001a24      0x35a Output/tcar_qemu Debug/Obj/messagebuf.o
 .debug_abbrev  0x0000000000001d7e      0x376 Output/tcar_qemu Debug/Obj/mutex.o
 .debug_abbrev  0x00000000000020f4      0x19e Output/tcar_qemu Debug/Obj/power.o
 .debug_abbrev  0x0000000000002292      0x35c Output/tcar_qemu Debug/Obj/rendezvous.o
 .debug_abbrev  0x00000000000025ee      0x333 Output/tcar_qemu Debug/Obj/semaphore.o
 .debug_abbrev  0x0000000000002921      0x307 Output/tcar_qemu Debug/Obj/task.o
 .debug_abbrev  0x0000000000002c28      0x39e Output/tcar_qemu Debug/Obj/task_manage.o
 .debug_abbrev  0x0000000000002fc6      0x2dd Output/tcar_qemu Debug/Obj/task_sync.o
 .debug_abbrev  0x00000000000032a3      0x3a8 Output/tcar_qemu Debug/Obj/time_calls.o
 .debug_abbrev  0x000000000000364b      0x2e2 Output/tcar_qemu Debug/Obj/timer.o
 .debug_abbrev  0x000000000000392d      0x1c2 Output/tcar_qemu Debug/Obj/tkinit.o
 .debug_abbrev  0x0000000000003aef      0x29f Output/tcar_qemu Debug/Obj/wait.o
 .debug_abbrev  0x0000000000003d8e      0x3af Output/tcar_qemu Debug/Obj/device.o
 .debug_abbrev  0x000000000000413d      0x1e6 Output/tcar_qemu Debug/Obj/string.o
 .debug_abbrev  0x0000000000004323      0x1b1 Output/tcar_qemu Debug/Obj/devinit.o
 .debug_abbrev  0x00000000000044d4      0x209 Output/tcar_qemu Debug/Obj/hw_setting.o
 .debug_abbrev  0x00000000000046dd      0x1af Output/tcar_qemu Debug/Obj/power_save.o
 .debug_abbrev  0x000000000000488c      0x289 Output/tcar_qemu Debug/Obj/interrupt.o
 .debug_abbrev  0x0000000000004b15      0x1e5 Output/tcar_qemu Debug/Obj/reset_hdl.o
 .debug_abbrev  0x0000000000004cfa      0x1a4 Output/tcar_qemu Debug/Obj/vector_tbl.o
 .debug_abbrev  0x0000000000004e9e      0x23f Output/tcar_qemu Debug/Obj/cpu_cntl.o
 .debug_abbrev  0x00000000000050dd       0x14 Output/tcar_qemu Debug/Obj/dispatch.o
 .debug_abbrev  0x00000000000050f1      0x1f4 Output/tcar_qemu Debug/Obj/exc_hdr.o
 .debug_abbrev  0x00000000000052e5      0x199 Output/tcar_qemu Debug/Obj/fastmlock.o
 .debug_abbrev  0x000000000000547e       0xc3 Output/tcar_qemu Debug/Obj/int_m367.o
 .debug_abbrev  0x0000000000005541      0x103 Output/tcar_qemu Debug/Obj/int_acm3.o
 .debug_abbrev  0x0000000000005644      0x289 Output/tcar_qemu Debug/Obj/libtm_printf.o
 .debug_abbrev  0x00000000000058cd       0xda Output/tcar_qemu Debug/Obj/libtm.o
 .debug_abbrev  0x00000000000059a7       0xdb Output/tcar_qemu Debug/Obj/tm_com_qemu.o
 .debug_abbrev  0x0000000000005a82      0x14b Output/tcar_qemu Debug/Obj/user_main.o

.debug_pubnames
                0x0000000000000000     0x2dc4
 .debug_pubnames
                0x0000000000000000       0x5c Output/tcar_qemu Debug/Obj/inittask.o
 .debug_pubnames
                0x000000000000005c       0x30 Output/tcar_qemu Debug/Obj/sysinit.o
 .debug_pubnames
                0x000000000000008c      0x30e Output/tcar_qemu Debug/Obj/deviceio.o
 .debug_pubnames
                0x000000000000039a      0x1c9 Output/tcar_qemu Debug/Obj/eventflag.o
 .debug_pubnames
                0x0000000000000563       0x30 Output/tcar_qemu Debug/Obj/int.o
 .debug_pubnames
                0x0000000000000593      0x1b9 Output/tcar_qemu Debug/Obj/mailbox.o
 .debug_pubnames
                0x000000000000074c      0x117 Output/tcar_qemu Debug/Obj/memory.o
 .debug_pubnames
                0x0000000000000863      0x1ed Output/tcar_qemu Debug/Obj/mempfix.o
 .debug_pubnames
                0x0000000000000a50      0x237 Output/tcar_qemu Debug/Obj/mempool.o
 .debug_pubnames
                0x0000000000000c87      0x245 Output/tcar_qemu Debug/Obj/messagebuf.o
 .debug_pubnames
                0x0000000000000ecc      0x27a Output/tcar_qemu Debug/Obj/mutex.o
 .debug_pubnames
                0x0000000000001146       0x28 Output/tcar_qemu Debug/Obj/power.o
 .debug_pubnames
                0x000000000000116e      0x2b8 Output/tcar_qemu Debug/Obj/rendezvous.o
 .debug_pubnames
                0x0000000000001426      0x1a4 Output/tcar_qemu Debug/Obj/semaphore.o
 .debug_pubnames
                0x00000000000015ca      0x348 Output/tcar_qemu Debug/Obj/task.o
 .debug_pubnames
                0x0000000000001912      0x21f Output/tcar_qemu Debug/Obj/task_manage.o
 .debug_pubnames
                0x0000000000001b31      0x12f Output/tcar_qemu Debug/Obj/task_sync.o
 .debug_pubnames
                0x0000000000001c60      0x3f7 Output/tcar_qemu Debug/Obj/time_calls.o
 .debug_pubnames
                0x0000000000002057      0x21e Output/tcar_qemu Debug/Obj/timer.o
 .debug_pubnames
                0x0000000000002275       0x26 Output/tcar_qemu Debug/Obj/tkinit.o
 .debug_pubnames
                0x000000000000229b      0x1f7 Output/tcar_qemu Debug/Obj/wait.o
 .debug_pubnames
                0x0000000000002492      0x234 Output/tcar_qemu Debug/Obj/device.o
 .debug_pubnames
                0x00000000000026c6       0x7c Output/tcar_qemu Debug/Obj/string.o
 .debug_pubnames
                0x0000000000002742       0x51 Output/tcar_qemu Debug/Obj/devinit.o
 .debug_pubnames
                0x0000000000002793       0x5b Output/tcar_qemu Debug/Obj/hw_setting.o
 .debug_pubnames
                0x00000000000027ee       0x2a Output/tcar_qemu Debug/Obj/power_save.o
 .debug_pubnames
                0x0000000000002818      0x10d Output/tcar_qemu Debug/Obj/interrupt.o
 .debug_pubnames
                0x0000000000002925       0x74 Output/tcar_qemu Debug/Obj/reset_hdl.o
 .debug_pubnames
                0x0000000000002999       0x21 Output/tcar_qemu Debug/Obj/vector_tbl.o
 .debug_pubnames
                0x00000000000029ba       0x8f Output/tcar_qemu Debug/Obj/cpu_cntl.o
 .debug_pubnames
                0x0000000000002a49       0xb6 Output/tcar_qemu Debug/Obj/exc_hdr.o
 .debug_pubnames
                0x0000000000002aff       0x74 Output/tcar_qemu Debug/Obj/fastmlock.o
 .debug_pubnames
                0x0000000000002b73       0x2e Output/tcar_qemu Debug/Obj/int_m367.o
 .debug_pubnames
                0x0000000000002ba1       0xc0 Output/tcar_qemu Debug/Obj/int_acm3.o
 .debug_pubnames
                0x0000000000002c61       0x63 Output/tcar_qemu Debug/Obj/libtm_printf.o
 .debug_pubnames
                0x0000000000002cc4       0x5f Output/tcar_qemu Debug/Obj/libtm.o
 .debug_pubnames
                0x0000000000002d23       0x4d Output/tcar_qemu Debug/Obj/tm_com_qemu.o
 .debug_pubnames
                0x0000000000002d70       0x54 Output/tcar_qemu Debug/Obj/user_main.o

.debug_pubtypes
                0x0000000000000000     0x45b7
 .debug_pubtypes
                0x0000000000000000      0x194 Output/tcar_qemu Debug/Obj/inittask.o
 .debug_pubtypes
                0x0000000000000194      0x194 Output/tcar_qemu Debug/Obj/sysinit.o
 .debug_pubtypes
                0x0000000000000328      0x2d2 Output/tcar_qemu Debug/Obj/deviceio.o
 .debug_pubtypes
                0x00000000000005fa      0x265 Output/tcar_qemu Debug/Obj/eventflag.o
 .debug_pubtypes
                0x000000000000085f      0x1b2 Output/tcar_qemu Debug/Obj/int.o
 .debug_pubtypes
                0x0000000000000a11      0x289 Output/tcar_qemu Debug/Obj/mailbox.o
 .debug_pubtypes
                0x0000000000000c9a      0x1a5 Output/tcar_qemu Debug/Obj/memory.o
 .debug_pubtypes
                0x0000000000000e3f      0x2a1 Output/tcar_qemu Debug/Obj/mempfix.o
 .debug_pubtypes
                0x00000000000010e0      0x284 Output/tcar_qemu Debug/Obj/mempool.o
 .debug_pubtypes
                0x0000000000001364      0x282 Output/tcar_qemu Debug/Obj/messagebuf.o
 .debug_pubtypes
                0x00000000000015e6      0x24d Output/tcar_qemu Debug/Obj/mutex.o
 .debug_pubtypes
                0x0000000000001833      0x17f Output/tcar_qemu Debug/Obj/power.o
 .debug_pubtypes
                0x00000000000019b2      0x289 Output/tcar_qemu Debug/Obj/rendezvous.o
 .debug_pubtypes
                0x0000000000001c3b      0x265 Output/tcar_qemu Debug/Obj/semaphore.o
 .debug_pubtypes
                0x0000000000001ea0      0x1d7 Output/tcar_qemu Debug/Obj/task.o
 .debug_pubtypes
                0x0000000000002077      0x246 Output/tcar_qemu Debug/Obj/task_manage.o
 .debug_pubtypes
                0x00000000000022bd      0x1df Output/tcar_qemu Debug/Obj/task_sync.o
 .debug_pubtypes
                0x000000000000249c      0x2eb Output/tcar_qemu Debug/Obj/time_calls.o
 .debug_pubtypes
                0x0000000000002787      0x1cf Output/tcar_qemu Debug/Obj/timer.o
 .debug_pubtypes
                0x0000000000002956      0x186 Output/tcar_qemu Debug/Obj/tkinit.o
 .debug_pubtypes
                0x0000000000002adc      0x21d Output/tcar_qemu Debug/Obj/wait.o
 .debug_pubtypes
                0x0000000000002cf9      0x29f Output/tcar_qemu Debug/Obj/device.o
 .debug_pubtypes
                0x0000000000002f98      0x186 Output/tcar_qemu Debug/Obj/string.o
 .debug_pubtypes
                0x000000000000311e      0x18d Output/tcar_qemu Debug/Obj/devinit.o
 .debug_pubtypes
                0x00000000000032ab      0x19d Output/tcar_qemu Debug/Obj/hw_setting.o
 .debug_pubtypes
                0x0000000000003448      0x186 Output/tcar_qemu Debug/Obj/power_save.o
 .debug_pubtypes
                0x00000000000035ce      0x1a3 Output/tcar_qemu Debug/Obj/interrupt.o
 .debug_pubtypes
                0x0000000000003771      0x195 Output/tcar_qemu Debug/Obj/reset_hdl.o
 .debug_pubtypes
                0x0000000000003906      0x186 Output/tcar_qemu Debug/Obj/vector_tbl.o
 .debug_pubtypes
                0x0000000000003a8c      0x1f0 Output/tcar_qemu Debug/Obj/cpu_cntl.o
 .debug_pubtypes
                0x0000000000003c7c      0x19c Output/tcar_qemu Debug/Obj/exc_hdr.o
 .debug_pubtypes
                0x0000000000003e18      0x125 Output/tcar_qemu Debug/Obj/fastmlock.o
 .debug_pubtypes
                0x0000000000003f3d       0xe3 Output/tcar_qemu Debug/Obj/int_m367.o
 .debug_pubtypes
                0x0000000000004020      0x103 Output/tcar_qemu Debug/Obj/int_acm3.o
 .debug_pubtypes
                0x0000000000004123      0x1b2 Output/tcar_qemu Debug/Obj/libtm_printf.o
 .debug_pubtypes
                0x00000000000042d5       0xe3 Output/tcar_qemu Debug/Obj/libtm.o
 .debug_pubtypes
                0x00000000000043b8       0xd8 Output/tcar_qemu Debug/Obj/tm_com_qemu.o
 .debug_pubtypes
                0x0000000000004490      0x127 Output/tcar_qemu Debug/Obj/user_main.o

.debug_aranges  0x0000000000000000     0x11d8
 .debug_aranges
                0x0000000000000000       0x30 Output/tcar_qemu Debug/Obj/inittask.o
 .debug_aranges
                0x0000000000000030       0x28 Output/tcar_qemu Debug/Obj/sysinit.o
 .debug_aranges
                0x0000000000000058      0x110 Output/tcar_qemu Debug/Obj/deviceio.o
 .debug_aranges
                0x0000000000000168       0xa8 Output/tcar_qemu Debug/Obj/eventflag.o
 .debug_aranges
                0x0000000000000210       0x28 Output/tcar_qemu Debug/Obj/int.o
 .debug_aranges
                0x0000000000000238       0xa0 Output/tcar_qemu Debug/Obj/mailbox.o
 .debug_aranges
                0x00000000000002d8       0x80 Output/tcar_qemu Debug/Obj/memory.o
 .debug_aranges
                0x0000000000000358       0xb0 Output/tcar_qemu Debug/Obj/mempfix.o
 .debug_aranges
                0x0000000000000408       0xd8 Output/tcar_qemu Debug/Obj/mempool.o
 .debug_aranges
                0x00000000000004e0       0xd0 Output/tcar_qemu Debug/Obj/messagebuf.o
 .debug_aranges
                0x00000000000005b0       0xc0 Output/tcar_qemu Debug/Obj/mutex.o
 .debug_aranges
                0x0000000000000670       0x18 Output/tcar_qemu Debug/Obj/power.o
 .debug_aranges
                0x0000000000000688       0xd8 Output/tcar_qemu Debug/Obj/rendezvous.o
 .debug_aranges
                0x0000000000000760       0x98 Output/tcar_qemu Debug/Obj/semaphore.o
 .debug_aranges
                0x00000000000007f8       0xc8 Output/tcar_qemu Debug/Obj/task.o
 .debug_aranges
                0x00000000000008c0       0xe8 Output/tcar_qemu Debug/Obj/task_manage.o
 .debug_aranges
                0x00000000000009a8       0x68 Output/tcar_qemu Debug/Obj/task_sync.o
 .debug_aranges
                0x0000000000000a10      0x178 Output/tcar_qemu Debug/Obj/time_calls.o
 .debug_aranges
                0x0000000000000b88       0xb0 Output/tcar_qemu Debug/Obj/timer.o
 .debug_aranges
                0x0000000000000c38       0x20 Output/tcar_qemu Debug/Obj/tkinit.o
 .debug_aranges
                0x0000000000000c58       0xa8 Output/tcar_qemu Debug/Obj/wait.o
 .debug_aranges
                0x0000000000000d00       0xd0 Output/tcar_qemu Debug/Obj/device.o
 .debug_aranges
                0x0000000000000dd0       0x50 Output/tcar_qemu Debug/Obj/string.o
 .debug_aranges
                0x0000000000000e20       0x30 Output/tcar_qemu Debug/Obj/devinit.o
 .debug_aranges
                0x0000000000000e50       0x30 Output/tcar_qemu Debug/Obj/hw_setting.o
 .debug_aranges
                0x0000000000000e80       0x28 Output/tcar_qemu Debug/Obj/power_save.o
 .debug_aranges
                0x0000000000000ea8       0x58 Output/tcar_qemu Debug/Obj/interrupt.o
 .debug_aranges
                0x0000000000000f00       0x20 Output/tcar_qemu Debug/Obj/reset_hdl.o
 .debug_aranges
                0x0000000000000f20       0x18 Output/tcar_qemu Debug/Obj/vector_tbl.o
 .debug_aranges
                0x0000000000000f38       0x38 Output/tcar_qemu Debug/Obj/cpu_cntl.o
 .debug_aranges
                0x0000000000000f70       0x20 Output/tcar_qemu Debug/Obj/dispatch.o
 .debug_aranges
                0x0000000000000f90       0x58 Output/tcar_qemu Debug/Obj/exc_hdr.o
 .debug_aranges
                0x0000000000000fe8       0x60 Output/tcar_qemu Debug/Obj/fastmlock.o
 .debug_aranges
                0x0000000000001048       0x28 Output/tcar_qemu Debug/Obj/int_m367.o
 .debug_aranges
                0x0000000000001070       0x70 Output/tcar_qemu Debug/Obj/int_acm3.o
 .debug_aranges
                0x00000000000010e0       0x48 Output/tcar_qemu Debug/Obj/libtm_printf.o
 .debug_aranges
                0x0000000000001128       0x40 Output/tcar_qemu Debug/Obj/libtm.o
 .debug_aranges
                0x0000000000001168       0x38 Output/tcar_qemu Debug/Obj/tm_com_qemu.o
 .debug_aranges
                0x00000000000011a0       0x38 Output/tcar_qemu Debug/Obj/user_main.o

.debug_ranges   0x0000000000000000      0xf48
 .debug_ranges  0x0000000000000000       0x20 Output/tcar_qemu Debug/Obj/inittask.o
 .debug_ranges  0x0000000000000020       0x18 Output/tcar_qemu Debug/Obj/sysinit.o
 .debug_ranges  0x0000000000000038      0x100 Output/tcar_qemu Debug/Obj/deviceio.o
 .debug_ranges  0x0000000000000138       0x98 Output/tcar_qemu Debug/Obj/eventflag.o
 .debug_ranges  0x00000000000001d0       0x18 Output/tcar_qemu Debug/Obj/int.o
 .debug_ranges  0x00000000000001e8       0x90 Output/tcar_qemu Debug/Obj/mailbox.o
 .debug_ranges  0x0000000000000278       0x70 Output/tcar_qemu Debug/Obj/memory.o
 .debug_ranges  0x00000000000002e8       0xa0 Output/tcar_qemu Debug/Obj/mempfix.o
 .debug_ranges  0x0000000000000388       0xc8 Output/tcar_qemu Debug/Obj/mempool.o
 .debug_ranges  0x0000000000000450       0xc0 Output/tcar_qemu Debug/Obj/messagebuf.o
 .debug_ranges  0x0000000000000510       0xb0 Output/tcar_qemu Debug/Obj/mutex.o
 .debug_ranges  0x00000000000005c0       0xc8 Output/tcar_qemu Debug/Obj/rendezvous.o
 .debug_ranges  0x0000000000000688       0x88 Output/tcar_qemu Debug/Obj/semaphore.o
 .debug_ranges  0x0000000000000710       0xb8 Output/tcar_qemu Debug/Obj/task.o
 .debug_ranges  0x00000000000007c8       0xd8 Output/tcar_qemu Debug/Obj/task_manage.o
 .debug_ranges  0x00000000000008a0       0x58 Output/tcar_qemu Debug/Obj/task_sync.o
 .debug_ranges  0x00000000000008f8      0x168 Output/tcar_qemu Debug/Obj/time_calls.o
 .debug_ranges  0x0000000000000a60       0xa0 Output/tcar_qemu Debug/Obj/timer.o
 .debug_ranges  0x0000000000000b00       0x10 Output/tcar_qemu Debug/Obj/tkinit.o
 .debug_ranges  0x0000000000000b10       0x98 Output/tcar_qemu Debug/Obj/wait.o
 .debug_ranges  0x0000000000000ba8       0xc0 Output/tcar_qemu Debug/Obj/device.o
 .debug_ranges  0x0000000000000c68       0x40 Output/tcar_qemu Debug/Obj/string.o
 .debug_ranges  0x0000000000000ca8       0x20 Output/tcar_qemu Debug/Obj/devinit.o
 .debug_ranges  0x0000000000000cc8       0x20 Output/tcar_qemu Debug/Obj/hw_setting.o
 .debug_ranges  0x0000000000000ce8       0x18 Output/tcar_qemu Debug/Obj/power_save.o
 .debug_ranges  0x0000000000000d00       0x48 Output/tcar_qemu Debug/Obj/interrupt.o
 .debug_ranges  0x0000000000000d48       0x10 Output/tcar_qemu Debug/Obj/reset_hdl.o
 .debug_ranges  0x0000000000000d58       0x28 Output/tcar_qemu Debug/Obj/cpu_cntl.o
 .debug_ranges  0x0000000000000d80       0x48 Output/tcar_qemu Debug/Obj/exc_hdr.o
 .debug_ranges  0x0000000000000dc8       0x50 Output/tcar_qemu Debug/Obj/fastmlock.o
 .debug_ranges  0x0000000000000e18       0x18 Output/tcar_qemu Debug/Obj/int_m367.o
 .debug_ranges  0x0000000000000e30       0x60 Output/tcar_qemu Debug/Obj/int_acm3.o
 .debug_ranges  0x0000000000000e90       0x38 Output/tcar_qemu Debug/Obj/libtm_printf.o
 .debug_ranges  0x0000000000000ec8       0x30 Output/tcar_qemu Debug/Obj/libtm.o
 .debug_ranges  0x0000000000000ef8       0x28 Output/tcar_qemu Debug/Obj/tm_com_qemu.o
 .debug_ranges  0x0000000000000f20       0x28 Output/tcar_qemu Debug/Obj/user_main.o

.debug_macro    0x0000000000000000     0x7359
 .debug_macro   0x0000000000000000      0x223 Output/tcar_qemu Debug/Obj/inittask.o
 .debug_macro   0x0000000000000223      0xacc Output/tcar_qemu Debug/Obj/inittask.o
 .debug_macro   0x0000000000000cef      0x174 Output/tcar_qemu Debug/Obj/inittask.o
 .debug_macro   0x0000000000000e63      0x29a Output/tcar_qemu Debug/Obj/inittask.o
 .debug_macro   0x00000000000010fd       0x22 Output/tcar_qemu Debug/Obj/inittask.o
 .debug_macro   0x000000000000111f       0x34 Output/tcar_qemu Debug/Obj/inittask.o
 .debug_macro   0x0000000000001153       0x34 Output/tcar_qemu Debug/Obj/inittask.o
 .debug_macro   0x0000000000001187       0x46 Output/tcar_qemu Debug/Obj/inittask.o
 .debug_macro   0x00000000000011cd       0xa6 Output/tcar_qemu Debug/Obj/inittask.o
 .debug_macro   0x0000000000001273       0x1c Output/tcar_qemu Debug/Obj/inittask.o
 .debug_macro   0x000000000000128f      0x1c9 Output/tcar_qemu Debug/Obj/inittask.o
 .debug_macro   0x0000000000001458      0x1cb Output/tcar_qemu Debug/Obj/inittask.o
 .debug_macro   0x0000000000001623      0x25b Output/tcar_qemu Debug/Obj/inittask.o
 .debug_macro   0x000000000000187e       0x16 Output/tcar_qemu Debug/Obj/inittask.o
 .debug_macro   0x0000000000001894       0x8e Output/tcar_qemu Debug/Obj/inittask.o
 .debug_macro   0x0000000000001922       0x16 Output/tcar_qemu Debug/Obj/inittask.o
 .debug_macro   0x0000000000001938       0xa6 Output/tcar_qemu Debug/Obj/inittask.o
 .debug_macro   0x00000000000019de      0x2aa Output/tcar_qemu Debug/Obj/inittask.o
 .debug_macro   0x0000000000001c88       0x16 Output/tcar_qemu Debug/Obj/inittask.o
 .debug_macro   0x0000000000001c9e      0x107 Output/tcar_qemu Debug/Obj/inittask.o
 .debug_macro   0x0000000000001da5       0x1c Output/tcar_qemu Debug/Obj/inittask.o
 .debug_macro   0x0000000000001dc1       0x2e Output/tcar_qemu Debug/Obj/inittask.o
 .debug_macro   0x0000000000001def       0x82 Output/tcar_qemu Debug/Obj/inittask.o
 .debug_macro   0x0000000000001e71       0x2e Output/tcar_qemu Debug/Obj/inittask.o
 .debug_macro   0x0000000000001e9f       0x16 Output/tcar_qemu Debug/Obj/inittask.o
 .debug_macro   0x0000000000001eb5       0x46 Output/tcar_qemu Debug/Obj/inittask.o
 .debug_macro   0x0000000000001efb       0x94 Output/tcar_qemu Debug/Obj/inittask.o
 .debug_macro   0x0000000000001f8f       0x22 Output/tcar_qemu Debug/Obj/inittask.o
 .debug_macro   0x0000000000001fb1       0x1c Output/tcar_qemu Debug/Obj/inittask.o
 .debug_macro   0x0000000000001fcd       0x10 Output/tcar_qemu Debug/Obj/inittask.o
 .debug_macro   0x0000000000001fdd       0x1c Output/tcar_qemu Debug/Obj/inittask.o
 .debug_macro   0x0000000000001ff9       0x52 Output/tcar_qemu Debug/Obj/inittask.o
 .debug_macro   0x000000000000204b       0x2e Output/tcar_qemu Debug/Obj/inittask.o
 .debug_macro   0x0000000000002079      0x221 Output/tcar_qemu Debug/Obj/sysinit.o
 .debug_macro   0x000000000000229a      0x242 Output/tcar_qemu Debug/Obj/deviceio.o
 .debug_macro   0x00000000000024dc       0x46 Output/tcar_qemu Debug/Obj/deviceio.o
 .debug_macro   0x0000000000002522       0x40 Output/tcar_qemu Debug/Obj/deviceio.o
 .debug_macro   0x0000000000002562       0x6a Output/tcar_qemu Debug/Obj/deviceio.o
 .debug_macro   0x00000000000025cc      0x25d Output/tcar_qemu Debug/Obj/eventflag.o
 .debug_macro   0x0000000000002829       0x22 Output/tcar_qemu Debug/Obj/eventflag.o
 .debug_macro   0x000000000000284b       0x10 Output/tcar_qemu Debug/Obj/eventflag.o
 .debug_macro   0x000000000000285b       0xab Output/tcar_qemu Debug/Obj/eventflag.o
 .debug_macro   0x0000000000002906       0x10 Output/tcar_qemu Debug/Obj/eventflag.o
 .debug_macro   0x0000000000002916      0x22a Output/tcar_qemu Debug/Obj/int.o
 .debug_macro   0x0000000000002b40      0x25d Output/tcar_qemu Debug/Obj/mailbox.o
 .debug_macro   0x0000000000002d9d       0x1c Output/tcar_qemu Debug/Obj/mailbox.o
 .debug_macro   0x0000000000002db9      0x239 Output/tcar_qemu Debug/Obj/memory.o
 .debug_macro   0x0000000000002ff2       0x58 Output/tcar_qemu Debug/Obj/memory.o
 .debug_macro   0x000000000000304a      0x267 Output/tcar_qemu Debug/Obj/mempfix.o
 .debug_macro   0x00000000000032b1       0x1c Output/tcar_qemu Debug/Obj/mempfix.o
 .debug_macro   0x00000000000032cd      0x275 Output/tcar_qemu Debug/Obj/mempool.o
 .debug_macro   0x0000000000003542       0x10 Output/tcar_qemu Debug/Obj/mempool.o
 .debug_macro   0x0000000000003552      0x25d Output/tcar_qemu Debug/Obj/messagebuf.o
 .debug_macro   0x00000000000037af       0x22 Output/tcar_qemu Debug/Obj/messagebuf.o
 .debug_macro   0x00000000000037d1      0x258 Output/tcar_qemu Debug/Obj/mutex.o
 .debug_macro   0x0000000000003a29      0x22a Output/tcar_qemu Debug/Obj/power.o
 .debug_macro   0x0000000000003c53      0x25d Output/tcar_qemu Debug/Obj/rendezvous.o
 .debug_macro   0x0000000000003eb0       0x1c Output/tcar_qemu Debug/Obj/rendezvous.o
 .debug_macro   0x0000000000003ecc      0x25d Output/tcar_qemu Debug/Obj/semaphore.o
 .debug_macro   0x0000000000004129       0x10 Output/tcar_qemu Debug/Obj/semaphore.o
 .debug_macro   0x0000000000004139      0x27a Output/tcar_qemu Debug/Obj/task.o
 .debug_macro   0x00000000000043b3       0x1c Output/tcar_qemu Debug/Obj/task.o
 .debug_macro   0x00000000000043cf       0x10 Output/tcar_qemu Debug/Obj/task.o
 .debug_macro   0x00000000000043df      0x27a Output/tcar_qemu Debug/Obj/task_manage.o
 .debug_macro   0x0000000000004659      0x25d Output/tcar_qemu Debug/Obj/task_sync.o
 .debug_macro   0x00000000000048b6      0x284 Output/tcar_qemu Debug/Obj/time_calls.o
 .debug_macro   0x0000000000004b3a       0x1c Output/tcar_qemu Debug/Obj/time_calls.o
 .debug_macro   0x0000000000004b56       0x1c Output/tcar_qemu Debug/Obj/time_calls.o
 .debug_macro   0x0000000000004b72      0x24c Output/tcar_qemu Debug/Obj/timer.o
 .debug_macro   0x0000000000004dbe      0x225 Output/tcar_qemu Debug/Obj/tkinit.o
 .debug_macro   0x0000000000004fe3      0x24b Output/tcar_qemu Debug/Obj/wait.o
 .debug_macro   0x000000000000522e      0x242 Output/tcar_qemu Debug/Obj/device.o
 .debug_macro   0x0000000000005470      0x221 Output/tcar_qemu Debug/Obj/string.o
 .debug_macro   0x0000000000005691      0x232 Output/tcar_qemu Debug/Obj/devinit.o
 .debug_macro   0x00000000000058c3       0xac Output/tcar_qemu Debug/Obj/devinit.o
 .debug_macro   0x000000000000596f      0x23f Output/tcar_qemu Debug/Obj/hw_setting.o
 .debug_macro   0x0000000000005bae      0x23f Output/tcar_qemu Debug/Obj/power_save.o
 .debug_macro   0x0000000000005ded      0x248 Output/tcar_qemu Debug/Obj/interrupt.o
 .debug_macro   0x0000000000006035       0x1c Output/tcar_qemu Debug/Obj/interrupt.o
 .debug_macro   0x0000000000006051      0x248 Output/tcar_qemu Debug/Obj/reset_hdl.o
 .debug_macro   0x0000000000006299      0x248 Output/tcar_qemu Debug/Obj/vector_tbl.o
 .debug_macro   0x00000000000064e1      0x251 Output/tcar_qemu Debug/Obj/cpu_cntl.o
 .debug_macro   0x0000000000006732      0x247 Output/tcar_qemu Debug/Obj/exc_hdr.o
 .debug_macro   0x0000000000006979      0x14f Output/tcar_qemu Debug/Obj/fastmlock.o
 .debug_macro   0x0000000000006ac8      0x153 Output/tcar_qemu Debug/Obj/int_m367.o
 .debug_macro   0x0000000000006c1b      0x14f Output/tcar_qemu Debug/Obj/int_acm3.o
 .debug_macro   0x0000000000006d6a      0x1a7 Output/tcar_qemu Debug/Obj/libtm_printf.o
 .debug_macro   0x0000000000006f11       0x1c Output/tcar_qemu Debug/Obj/libtm_printf.o
 .debug_macro   0x0000000000006f2d       0x16 Output/tcar_qemu Debug/Obj/libtm_printf.o
 .debug_macro   0x0000000000006f43       0x89 Output/tcar_qemu Debug/Obj/libtm_printf.o
 .debug_macro   0x0000000000006fcc       0x1c Output/tcar_qemu Debug/Obj/libtm_printf.o
 .debug_macro   0x0000000000006fe8      0x16b Output/tcar_qemu Debug/Obj/libtm.o
 .debug_macro   0x0000000000007153       0xa1 Output/tcar_qemu Debug/Obj/tm_com_qemu.o
 .debug_macro   0x00000000000071f4      0x165 Output/tcar_qemu Debug/Obj/user_main.o

.debug_line     0x0000000000000000    0x1c385
 .debug_line    0x0000000000000000      0x902 Output/tcar_qemu Debug/Obj/inittask.o
 .debug_line    0x0000000000000902      0x8fa Output/tcar_qemu Debug/Obj/sysinit.o
 .debug_line    0x00000000000011fc     0x134a Output/tcar_qemu Debug/Obj/deviceio.o
 .debug_line    0x0000000000002546      0xecb Output/tcar_qemu Debug/Obj/eventflag.o
 .debug_line    0x0000000000003411      0x8ef Output/tcar_qemu Debug/Obj/int.o
 .debug_line    0x0000000000003d00      0xe17 Output/tcar_qemu Debug/Obj/mailbox.o
 .debug_line    0x0000000000004b17      0xc11 Output/tcar_qemu Debug/Obj/memory.o
 .debug_line    0x0000000000005728      0xf19 Output/tcar_qemu Debug/Obj/mempfix.o
 .debug_line    0x0000000000006641     0x11f7 Output/tcar_qemu Debug/Obj/mempool.o
 .debug_line    0x0000000000007838     0x117d Output/tcar_qemu Debug/Obj/messagebuf.o
 .debug_line    0x00000000000089b5     0x10e5 Output/tcar_qemu Debug/Obj/mutex.o
 .debug_line    0x0000000000009a9a      0x882 Output/tcar_qemu Debug/Obj/power.o
 .debug_line    0x000000000000a31c     0x1299 Output/tcar_qemu Debug/Obj/rendezvous.o
 .debug_line    0x000000000000b5b5      0xe77 Output/tcar_qemu Debug/Obj/semaphore.o
 .debug_line    0x000000000000c42c      0xe36 Output/tcar_qemu Debug/Obj/task.o
 .debug_line    0x000000000000d262     0x1398 Output/tcar_qemu Debug/Obj/task_manage.o
 .debug_line    0x000000000000e5fa      0xd9a Output/tcar_qemu Debug/Obj/task_sync.o
 .debug_line    0x000000000000f394     0x163f Output/tcar_qemu Debug/Obj/time_calls.o
 .debug_line    0x00000000000109d3      0xc84 Output/tcar_qemu Debug/Obj/timer.o
 .debug_line    0x0000000000011657      0x929 Output/tcar_qemu Debug/Obj/tkinit.o
 .debug_line    0x0000000000011f80      0xbaa Output/tcar_qemu Debug/Obj/wait.o
 .debug_line    0x0000000000012b2a      0xead Output/tcar_qemu Debug/Obj/device.o
 .debug_line    0x00000000000139d7      0xa58 Output/tcar_qemu Debug/Obj/string.o
 .debug_line    0x000000000001442f      0x96e Output/tcar_qemu Debug/Obj/devinit.o
 .debug_line    0x0000000000014d9d      0x988 Output/tcar_qemu Debug/Obj/hw_setting.o
 .debug_line    0x0000000000015725      0x950 Output/tcar_qemu Debug/Obj/power_save.o
 .debug_line    0x0000000000016075      0xacf Output/tcar_qemu Debug/Obj/interrupt.o
 .debug_line    0x0000000000016b44      0xab3 Output/tcar_qemu Debug/Obj/reset_hdl.o
 .debug_line    0x00000000000175f7      0x9d9 Output/tcar_qemu Debug/Obj/vector_tbl.o
 .debug_line    0x0000000000017fd0      0xb1a Output/tcar_qemu Debug/Obj/cpu_cntl.o
 .debug_line    0x0000000000018aea       0x91 Output/tcar_qemu Debug/Obj/dispatch.o
 .debug_line    0x0000000000018b7b      0xaf8 Output/tcar_qemu Debug/Obj/exc_hdr.o
 .debug_line    0x0000000000019673      0x6b7 Output/tcar_qemu Debug/Obj/fastmlock.o
 .debug_line    0x0000000000019d2a      0x562 Output/tcar_qemu Debug/Obj/int_m367.o
 .debug_line    0x000000000001a28c      0x698 Output/tcar_qemu Debug/Obj/int_acm3.o
 .debug_line    0x000000000001a924      0xa5f Output/tcar_qemu Debug/Obj/libtm_printf.o
 .debug_line    0x000000000001b383      0x663 Output/tcar_qemu Debug/Obj/libtm.o
 .debug_line    0x000000000001b9e6      0x387 Output/tcar_qemu Debug/Obj/tm_com_qemu.o
 .debug_line    0x000000000001bd6d      0x618 Output/tcar_qemu Debug/Obj/user_main.o

.debug_str      0x0000000000000000     0xbec3
 .debug_str     0x0000000000000000     0x7829 Output/tcar_qemu Debug/Obj/inittask.o
                                       0x7948 (size before relaxing)
 .debug_str     0x0000000000007829       0x44 Output/tcar_qemu Debug/Obj/sysinit.o
                                       0x789b (size before relaxing)
 .debug_str     0x000000000000786d      0x8ac Output/tcar_qemu Debug/Obj/deviceio.o
                                       0x8179 (size before relaxing)
 .debug_str     0x0000000000008119      0xa8e Output/tcar_qemu Debug/Obj/eventflag.o
                                       0x8342 (size before relaxing)
 .debug_str     0x0000000000008ba7       0x57 Output/tcar_qemu Debug/Obj/int.o
                                       0x7f82 (size before relaxing)
 .debug_str     0x0000000000008bfe      0x24b Output/tcar_qemu Debug/Obj/mailbox.o
                                       0x83ac (size before relaxing)
 .debug_str     0x0000000000008e49      0x37c Output/tcar_qemu Debug/Obj/memory.o
                                       0x7d35 (size before relaxing)
 .debug_str     0x00000000000091c5      0x2ab Output/tcar_qemu Debug/Obj/mempfix.o
                                       0x841a (size before relaxing)
 .debug_str     0x0000000000009470      0x227 Output/tcar_qemu Debug/Obj/mempool.o
                                       0x879d (size before relaxing)
 .debug_str     0x0000000000009697      0x2fc Output/tcar_qemu Debug/Obj/messagebuf.o
                                       0x8467 (size before relaxing)
 .debug_str     0x0000000000009993      0x209 Output/tcar_qemu Debug/Obj/mutex.o
                                       0x8364 (size before relaxing)
 .debug_str     0x0000000000009b9c       0x20 Output/tcar_qemu Debug/Obj/power.o
                                       0x7f35 (size before relaxing)
 .debug_str     0x0000000000009bbc      0x2e2 Output/tcar_qemu Debug/Obj/rendezvous.o
                                       0x849e (size before relaxing)
 .debug_str     0x0000000000009e9e      0x1a3 Output/tcar_qemu Debug/Obj/semaphore.o
                                       0x831e (size before relaxing)
 .debug_str     0x000000000000a041      0x2a8 Output/tcar_qemu Debug/Obj/task.o
                                       0x83eb (size before relaxing)
 .debug_str     0x000000000000a2e9      0x19a Output/tcar_qemu Debug/Obj/task_manage.o
                                       0x8434 (size before relaxing)
 .debug_str     0x000000000000a483       0x95 Output/tcar_qemu Debug/Obj/task_sync.o
                                       0x830d (size before relaxing)
 .debug_str     0x000000000000a518      0x591 Output/tcar_qemu Debug/Obj/time_calls.o
                                       0x86da (size before relaxing)
 .debug_str     0x000000000000aaa9      0x12e Output/tcar_qemu Debug/Obj/timer.o
                                       0x7ad2 (size before relaxing)
 .debug_str     0x000000000000abd7       0x31 Output/tcar_qemu Debug/Obj/tkinit.o
                                       0x7883 (size before relaxing)
 .debug_str     0x000000000000ac08      0x120 Output/tcar_qemu Debug/Obj/wait.o
                                       0x7bd9 (size before relaxing)
 .debug_str     0x000000000000ad28      0x156 Output/tcar_qemu Debug/Obj/device.o
                                       0x8072 (size before relaxing)
 .debug_str     0x000000000000ae7e       0x8a Output/tcar_qemu Debug/Obj/string.o
                                       0x78d7 (size before relaxing)
 .debug_str     0x000000000000af08       0xc5 Output/tcar_qemu Debug/Obj/devinit.o
                                       0x7912 (size before relaxing)
 .debug_str     0x000000000000afcd       0x7b Output/tcar_qemu Debug/Obj/hw_setting.o
                                       0x7936 (size before relaxing)
 .debug_str     0x000000000000b048       0x41 Output/tcar_qemu Debug/Obj/power_save.o
                                       0x78f2 (size before relaxing)
 .debug_str     0x000000000000b089      0x13b Output/tcar_qemu Debug/Obj/interrupt.o
                                       0x7a37 (size before relaxing)
 .debug_str     0x000000000000b1c4       0x86 Output/tcar_qemu Debug/Obj/reset_hdl.o
                                       0x79c3 (size before relaxing)
 .debug_str     0x000000000000b24a       0x35 Output/tcar_qemu Debug/Obj/vector_tbl.o
                                       0x797d (size before relaxing)
 .debug_str     0x000000000000b27f       0xac Output/tcar_qemu Debug/Obj/cpu_cntl.o
                                       0x7a56 (size before relaxing)
 .debug_str     0x000000000000b32b       0x41 Output/tcar_qemu Debug/Obj/dispatch.o
                                         0x71 (size before relaxing)
 .debug_str     0x000000000000b36c       0xee Output/tcar_qemu Debug/Obj/exc_hdr.o
                                       0x7a2b (size before relaxing)
 .debug_str     0x000000000000b45a       0x48 Output/tcar_qemu Debug/Obj/fastmlock.o
                                       0x6ae3 (size before relaxing)
 .debug_str     0x000000000000b4a2       0x51 Output/tcar_qemu Debug/Obj/int_m367.o
                                       0x6a9e (size before relaxing)
 .debug_str     0x000000000000b4f3       0xcc Output/tcar_qemu Debug/Obj/int_acm3.o
                                       0x6b27 (size before relaxing)
 .debug_str     0x000000000000b5bf      0x80d Output/tcar_qemu Debug/Obj/libtm_printf.o
                                       0x7355 (size before relaxing)
 .debug_str     0x000000000000bdcc       0x59 Output/tcar_qemu Debug/Obj/libtm.o
                                       0x6b24 (size before relaxing)
 .debug_str     0x000000000000be25       0x5b Output/tcar_qemu Debug/Obj/tm_com_qemu.o
                                       0x4d2a (size before relaxing)
 .debug_str     0x000000000000be80       0x43 Output/tcar_qemu Debug/Obj/user_main.o
                                       0x6b1b (size before relaxing)

.comment        0x0000000000000000       0x47
 .comment       0x0000000000000000       0x47 Output/tcar_qemu Debug/Obj/inittask.o
                                         0x48 (size before relaxing)
 .comment       0x0000000000000047       0x48 Output/tcar_qemu Debug/Obj/sysinit.o
 .comment       0x0000000000000047       0x48 Output/tcar_qemu Debug/Obj/deviceio.o
 .comment       0x0000000000000047       0x48 Output/tcar_qemu Debug/Obj/eventflag.o
 .comment       0x0000000000000047       0x48 Output/tcar_qemu Debug/Obj/int.o
 .comment       0x0000000000000047       0x48 Output/tcar_qemu Debug/Obj/mailbox.o
 .comment       0x0000000000000047       0x48 Output/tcar_qemu Debug/Obj/memory.o
 .comment       0x0000000000000047       0x48 Output/tcar_qemu Debug/Obj/mempfix.o
 .comment       0x0000000000000047       0x48 Output/tcar_qemu Debug/Obj/mempool.o
 .comment       0x0000000000000047       0x48 Output/tcar_qemu Debug/Obj/messagebuf.o
 .comment       0x0000000000000047       0x48 Output/tcar_qemu Debug/Obj/mutex.o
 .comment       0x0000000000000047       0x48 Output/tcar_qemu Debug/Obj/power.o
 .comment       0x0000000000000047       0x48 Output/tcar_qemu Debug/Obj/rendezvous.o
 .comment       0x0000000000000047       0x48 Output/tcar_qemu Debug/Obj/semaphore.o
 .comment       0x0000000000000047       0x48 Output/tcar_qemu Debug/Obj/task.o
 .comment       0x0000000000000047       0x48 Output/tcar_qemu Debug/Obj/task_manage.o
 .comment       0x0000000000000047       0x48 Output/tcar_qemu Debug/Obj/task_sync.o
 .comment       0x0000000000000047       0x48 Output/tcar_qemu Debug/Obj/time_calls.o
 .comment       0x0000000000000047       0x48 Output/tcar_qemu Debug/Obj/timer.o
 .comment       0x0000000000000047       0x48 Output/tcar_qemu Debug/Obj/tkinit.o
 .comment       0x0000000000000047       0x48 Output/tcar_qemu Debug/Obj/wait.o
 .comment       0x0000000000000047       0x48 Output/tcar_qemu Debug/Obj/device.o
 .comment       0x0000000000000047       0x48 Output/tcar_qemu Debug/Obj/string.o
 .comment       0x0000000000000047       0x48 Output/tcar_qemu Debug/Obj/devinit.o
 .comment       0x0000000000000047       0x48 Output/tcar_qemu Debug/Obj/hw_setting.o
 .comment       0x0000000000000047       0x48 Output/tcar_qemu Debug/Obj/power_save.o
 .comment       0x0000000000000047       0x48 Output/tcar_qemu Debug/Obj/interrupt.o
 .comment       0x0000000000000047       0x48 Output/tcar_qemu Debug/Obj/reset_hdl.o
 .comment       0x0000000000000047       0x48 Output/tcar_qemu Debug/Obj/vector_tbl.o
 .comment       0x0000000000000047       0x48 Output/tcar_qemu Debug/Obj/cpu_cntl.o
 .comment       0x0000000000000047       0x48 Output/tcar_qemu Debug/Obj/exc_hdr.o
 .comment       0x0000000000000047       0x48 Output/tcar_qemu Debug/Obj/fastmlock.o
 .comment       0x0000000000000047       0x48 Output/tcar_qemu Debug/Obj/int_m367.o